<html>
<body>
<pre>
<h1>µVision Build Log</h1>
<h2>Tool Versions:</h2>
IDE-Version: µVision V5.25.2.0
Copyright (C) 2018 ARM Ltd and ARM Germany GmbH. All rights reserved.
License Information: Sebastian Scheibe, Argeniss Software, LIC=J3C01-CDK97-GYECD-L9JN6-DQA6C-ND0JA
 
Tool Versions:
Toolchain:       MDK-ARM Cortex-M0/M0+ 256K for ST  Version: 5.25.2.0
Toolchain Path:  D:\Programme\Keil_v5\ARM\ARMCC\Bin
C Compiler:      Armcc.exe V5.06 update 6 (build 750)
Assembler:       Armasm.exe V5.06 update 6 (build 750)
Linker/Locator:  ArmLink.exe V5.06 update 6 (build 750)
Library Manager: ArmAr.exe V5.06 update 6 (build 750)
Hex Converter:   FromElf.exe V5.06 update 6 (build 750)
CPU DLL:         SARMCM3.DLL V5.25.2.0
Dialog DLL:      DARMCM1.DLL V1.19.1.0
Target DLL:      STLink\ST-LINKIII-KEIL_SWO.dll V3.0.1.0
Dialog DLL:      TARMCM1.DLL V1.14.0.0
 
<h2>Project:</h2>
C:\STM32CubeExpansion_LRWAN_V1.1.5\Projects\Multi\Applications\LoRa\End_Node\MDK-ARM\B-L072Z-LRWAN1\Lora.uvprojx
Project File Date:  05/10/2018

<h2>Output:</h2>
*** Using Compiler 'V5.06 update 6 (build 750)', folder: 'D:\Programme\Keil_v5\ARM\ARMCC\Bin'
Rebuild target 'mlm32l07x01'
compiling HTS221_Driver_HL.c...
compiling LPS22HB_Driver.c...
compiling HTS221_Driver.c...
compiling LPS25HB_Driver_HL.c...
compiling LPS22HB_Driver_HL.c...
compiling LPS25HB_Driver.c...
compiling x_nucleo_iks01a1.c...
compiling x_nucleo_iks01a1_humidity.c...
compiling sx1276.c...
compiling mlm32l07x01.c...
compiling x_nucleo_iks01a1_temperature.c...
compiling x_nucleo_iks01a1_pressure.c...
compiling system_stm32l0xx.c...
compiling b-l072z-lrwan1.c...
compiling stm32l0xx_hal_spi.c...
compiling stm32l0xx_hal_adc.c...
compiling stm32l0xx_hal_uart.c...
compiling stm32l0xx_hal_rcc_ex.c...
compiling stm32l0xx_hal_rcc.c...
compiling stm32l0xx_hal.c...
compiling stm32l0xx_hal_gpio.c...
compiling stm32l0xx_hal_cortex.c...
compiling stm32l0xx_hal_dma.c...
compiling stm32l0xx_hal_pwr_ex.c...
compiling stm32l0xx_hal_pwr.c...
compiling stm32l0xx_hal_rtc.c...
compiling stm32l0xx_hal_rtc_ex.c...
compiling stm32l0xx_hal_tim.c...
compiling stm32l0xx_hal_tim_ex.c...
compiling stm32l0xx_hal_adc_ex.c...
compiling stm32l0xx_hal_uart_ex.c...
assembling startup_stm32l072xx.s...
compiling stm32l0xx_hal_i2c.c...
compiling bsp.c...
compiling debug.c...
compiling hw_gpio.c...
compiling hw_spi.c...
compiling hw_rtc.c...
compiling main.c...
..\..\src\main.c(235): warning:  #550-D: variable "batteryLevel"  was set but never used
    uint8_t batteryLevel;
..\..\src\main.c: 1 warning, 0 errors
compiling vcom.c...
compiling mlm32l0xx_hal_msp.c...
compiling mlm32l0xx_it.c...
compiling mlm32l0xx_hw.c...
compiling lora.c...
compiling lora-test.c...
compiling LoRaMac.c...
compiling LoRaMacCrypto.c...
compiling RegionAS923.c...
compiling Region.c...
compiling RegionCN470.c...
compiling RegionAU915.c...
compiling RegionCN779.c...
compiling RegionEU868.c...
compiling RegionCommon.c...
compiling RegionEU433.c...
compiling RegionKR920.c...
compiling RegionIN865.c...
compiling RegionUS915.c...
..\..\..\..\..\..\..\Middlewares\Third_Party\Lora\Mac\region\RegionUS915.c(304): warning:  #186-D: pointless comparison of unsigned integer with zero
              for( uint8_t i = 0; i < US915_MAX_NB_CHANNELS - 8; i++ )
..\..\..\..\..\..\..\Middlewares\Third_Party\Lora\Mac\region\RegionUS915.c: 1 warning, 0 errors
compiling delay.c...
compiling RegionUS915-Hybrid.c...
..\..\..\..\..\..\..\Middlewares\Third_Party\Lora\Mac\region\RegionUS915-Hybrid.c(393): warning:  #186-D: pointless comparison of unsigned integer with zero
              for( uint8_t i = 0; i < US915_HYBRID_MAX_NB_CHANNELS - 8; i++ )
..\..\..\..\..\..\..\Middlewares\Third_Party\Lora\Mac\region\RegionUS915-Hybrid.c: 1 warning, 0 errors
compiling timeServer.c...
compiling low_power_manager.c...
compiling utilities.c...
compiling aes.c...
compiling cmac.c...
linking...
Program Size: Code=40068 RO-data=1552 RW-data=360 ZI-data=4232  
FromELF: creating hex file...
".\mlm32l07x01\NUCLEO_CUBE_LORA.axf" - 0 Error(s), 3 Warning(s).

<h2>Software Packages used:</h2>

Package Vendor: Keil
                http://www.keil.com/pack/Keil.STM32L0xx_DFP.2.0.0.pack
                Keil.STM32L0xx_DFP.2.0.0
                STMicroelectronics STM32L0 Series Device Support, Drivers and Examples

<h2>Collection of Component include folders:</h2>
  .\RTE\_mlm32l07x01
  D:\Programme\Keil_v5\ARM\PACK\Keil\STM32L0xx_DFP\2.0.0\Drivers\CMSIS\Device\ST\STM32L0xx\Include

<h2>Collection of Component Files used:</h2>
Build Time Elapsed:  00:02:04
</pre>
</body>
</html>
