<html>
<body>
<pre>
<h1>µVision Build Log</h1>
<h2>Tool Versions:</h2>
IDE-Version: µVision V5.25.2.0
Copyright (C) 2018 ARM Ltd and ARM Germany GmbH. All rights reserved.
License Information: Sebastian Scheibe, Argeniss Software, LIC=J3C01-CDK97-GYECD-L9JN6-DQA6C-ND0JA
 
Tool Versions:
Toolchain:       MDK-ARM Cortex-M0/M0+ 256K for ST  Version: 5.25.2.0
Toolchain Path:  D:\Programme\Keil_v5\ARM\ARMCC\Bin
C Compiler:      Armcc.exe V5.06 update 6 (build 750)
Assembler:       Armasm.exe V5.06 update 6 (build 750)
Linker/Locator:  ArmLink.exe V5.06 update 6 (build 750)
Library Manager: ArmAr.exe V5.06 update 6 (build 750)
Hex Converter:   FromElf.exe V5.06 update 6 (build 750)
CPU DLL:         SARMCM3.DLL V5.25.2.0
Dialog DLL:      DARMCM1.DLL V1.19.1.0
Target DLL:      STLink\ST-LINKIII-KEIL_SWO.dll V3.0.1.0
Dialog DLL:      TARMCM1.DLL V1.14.0.0
 
<h2>Project:</h2>
C:\STM32CubeExpansion_LRWAN_V1.1.5\Projects\Multi\Applications\LoRa\End_Node\MDK-ARM\B-L072Z-LRWAN1\Lora.uvprojx
Project File Date:  05/11/2018

<h2>Output:</h2>
*** Using Compiler 'V5.06 update 6 (build 750)', folder: 'D:\Programme\Keil_v5\ARM\ARMCC\Bin'
Build target 'mlm32l07x01'
compiling lora.c...
compiling lora-test.c...
compiling main.c...
..\..\src\main.c(232): warning:  #550-D: variable "pressure"  was set but never used
    uint16_t pressure = 0;
..\..\src\main.c(233): warning:  #550-D: variable "temperature"  was set but never used
    int16_t temperature = 0;
..\..\src\main.c(234): warning:  #550-D: variable "humidity"  was set but never used
    uint16_t humidity = 0;
..\..\src\main.c(237): warning:  #550-D: variable "batteryLevel"  was set but never used
    uint8_t batteryLevel;
..\..\src\main.c: 4 warnings, 0 errors
linking...
Program Size: Code=39676 RO-data=1552 RW-data=360 ZI-data=4984  
FromELF: creating hex file...
".\mlm32l07x01\NUCLEO_CUBE_LORA.axf" - 0 Error(s), 4 Warning(s).

<h2>Software Packages used:</h2>

Package Vendor: Keil
                http://www.keil.com/pack/Keil.STM32L0xx_DFP.2.0.0.pack
                Keil.STM32L0xx_DFP.2.0.0
                STMicroelectronics STM32L0 Series Device Support, Drivers and Examples

<h2>Collection of Component include folders:</h2>
  .\RTE\_mlm32l07x01
  D:\Programme\Keil_v5\ARM\PACK\Keil\STM32L0xx_DFP\2.0.0\Drivers\CMSIS\Device\ST\STM32L0xx\Include

<h2>Collection of Component Files used:</h2>
Build Time Elapsed:  00:00:06
</pre>
</body>
</html>
