Component: ARM Compiler 5.06 update 6 (build 750) Tool: armlink [4d35ed]

==============================================================================

Section Cross References

    hts221_driver.o(i.HTS221_Activate) refers to hts221_driver.o(i.HTS221_ReadReg) for HTS221_ReadReg
    hts221_driver.o(i.HTS221_Activate) refers to hts221_driver.o(i.HTS221_WriteReg) for HTS221_WriteReg
    hts221_driver.o(i.HTS221_DeActivate) refers to hts221_driver.o(i.HTS221_ReadReg) for HTS221_ReadReg
    hts221_driver.o(i.HTS221_DeActivate) refers to hts221_driver.o(i.HTS221_WriteReg) for HTS221_WriteReg
    hts221_driver.o(i.HTS221_DeInit) refers to hts221_driver.o(i.HTS221_ReadReg) for HTS221_ReadReg
    hts221_driver.o(i.HTS221_DeInit) refers to hts221_driver.o(i.HTS221_WriteReg) for HTS221_WriteReg
    hts221_driver.o(i.HTS221_Get_AvgHT) refers to hts221_driver.o(i.HTS221_ReadReg) for HTS221_ReadReg
    hts221_driver.o(i.HTS221_Get_BduMode) refers to hts221_driver.o(i.HTS221_ReadReg) for HTS221_ReadReg
    hts221_driver.o(i.HTS221_Get_DataStatus) refers to hts221_driver.o(i.HTS221_ReadReg) for HTS221_ReadReg
    hts221_driver.o(i.HTS221_Get_DeviceID) refers to hts221_driver.o(i.HTS221_ReadReg) for HTS221_ReadReg
    hts221_driver.o(i.HTS221_Get_HeaterState) refers to hts221_driver.o(i.HTS221_ReadReg) for HTS221_ReadReg
    hts221_driver.o(i.HTS221_Get_Humidity) refers to hts221_driver.o(i.HTS221_ReadReg) for HTS221_ReadReg
    hts221_driver.o(i.HTS221_Get_Humidity) refers to fflti.o(.text) for __aeabi_i2f
    hts221_driver.o(i.HTS221_Get_Humidity) refers to fmul.o(.text) for __aeabi_fmul
    hts221_driver.o(i.HTS221_Get_Humidity) refers to fdiv.o(.text) for __aeabi_fdiv
    hts221_driver.o(i.HTS221_Get_Humidity) refers to fadd.o(.text) for __aeabi_fadd
    hts221_driver.o(i.HTS221_Get_Humidity) refers to ffixui.o(.text) for __aeabi_f2uiz
    hts221_driver.o(i.HTS221_Get_HumidityRaw) refers to hts221_driver.o(i.HTS221_ReadReg) for HTS221_ReadReg
    hts221_driver.o(i.HTS221_Get_InitConfig) refers to hts221_driver.o(i.HTS221_ReadReg) for HTS221_ReadReg
    hts221_driver.o(i.HTS221_Get_IrqActiveLevel) refers to hts221_driver.o(i.HTS221_ReadReg) for HTS221_ReadReg
    hts221_driver.o(i.HTS221_Get_IrqEnable) refers to hts221_driver.o(i.HTS221_ReadReg) for HTS221_ReadReg
    hts221_driver.o(i.HTS221_Get_IrqOutputType) refers to hts221_driver.o(i.HTS221_ReadReg) for HTS221_ReadReg
    hts221_driver.o(i.HTS221_Get_Measurement) refers to hts221_driver.o(i.HTS221_Get_Temperature) for HTS221_Get_Temperature
    hts221_driver.o(i.HTS221_Get_Measurement) refers to hts221_driver.o(i.HTS221_Get_Humidity) for HTS221_Get_Humidity
    hts221_driver.o(i.HTS221_Get_Odr) refers to hts221_driver.o(i.HTS221_ReadReg) for HTS221_ReadReg
    hts221_driver.o(i.HTS221_Get_PowerDownMode) refers to hts221_driver.o(i.HTS221_ReadReg) for HTS221_ReadReg
    hts221_driver.o(i.HTS221_Get_RawMeasurement) refers to hts221_driver.o(i.HTS221_ReadReg) for HTS221_ReadReg
    hts221_driver.o(i.HTS221_Get_Temperature) refers to hts221_driver.o(i.HTS221_ReadReg) for HTS221_ReadReg
    hts221_driver.o(i.HTS221_Get_Temperature) refers to fflti.o(.text) for __aeabi_i2f
    hts221_driver.o(i.HTS221_Get_Temperature) refers to fmul.o(.text) for __aeabi_fmul
    hts221_driver.o(i.HTS221_Get_Temperature) refers to fdiv.o(.text) for __aeabi_fdiv
    hts221_driver.o(i.HTS221_Get_Temperature) refers to fadd.o(.text) for __aeabi_fadd
    hts221_driver.o(i.HTS221_Get_Temperature) refers to ffixi.o(.text) for __aeabi_f2iz
    hts221_driver.o(i.HTS221_Get_TemperatureRaw) refers to hts221_driver.o(i.HTS221_ReadReg) for HTS221_ReadReg
    hts221_driver.o(i.HTS221_IsMeasurementCompleted) refers to hts221_driver.o(i.HTS221_ReadReg) for HTS221_ReadReg
    hts221_driver.o(i.HTS221_MemoryBoot) refers to hts221_driver.o(i.HTS221_ReadReg) for HTS221_ReadReg
    hts221_driver.o(i.HTS221_MemoryBoot) refers to hts221_driver.o(i.HTS221_WriteReg) for HTS221_WriteReg
    hts221_driver.o(i.HTS221_ReadReg) refers to x_nucleo_iks01a1.o(i.Sensor_IO_Read) for Sensor_IO_Read
    hts221_driver.o(i.HTS221_Set_AvgH) refers to hts221_driver.o(i.HTS221_assert_failed) for HTS221_assert_failed
    hts221_driver.o(i.HTS221_Set_AvgH) refers to hts221_driver.o(i.HTS221_ReadReg) for HTS221_ReadReg
    hts221_driver.o(i.HTS221_Set_AvgH) refers to hts221_driver.o(i.HTS221_WriteReg) for HTS221_WriteReg
    hts221_driver.o(i.HTS221_Set_AvgH) refers to hts221_driver.o(.conststring) for .conststring
    hts221_driver.o(i.HTS221_Set_AvgHT) refers to hts221_driver.o(i.HTS221_assert_failed) for HTS221_assert_failed
    hts221_driver.o(i.HTS221_Set_AvgHT) refers to hts221_driver.o(i.HTS221_ReadReg) for HTS221_ReadReg
    hts221_driver.o(i.HTS221_Set_AvgHT) refers to hts221_driver.o(i.HTS221_WriteReg) for HTS221_WriteReg
    hts221_driver.o(i.HTS221_Set_AvgHT) refers to hts221_driver.o(.conststring) for .conststring
[...]
    Reset_Handler                            0x080000d5   Thumb Code     8  startup_stm32l072xx.o(.text)
    ADC1_COMP_IRQHandler                     0x080000e7   Thumb Code     0  startup_stm32l072xx.o(.text)
    DMA1_Channel1_IRQHandler                 0x080000e7   Thumb Code     0  startup_stm32l072xx.o(.text)
    DMA1_Channel2_3_IRQHandler               0x080000e7   Thumb Code     0  startup_stm32l072xx.o(.text)
    DMA1_Channel4_5_6_7_IRQHandler           0x080000e7   Thumb Code     0  startup_stm32l072xx.o(.text)
    FLASH_IRQHandler                         0x080000e7   Thumb Code     0  startup_stm32l072xx.o(.text)
    I2C1_IRQHandler                          0x080000e7   Thumb Code     0  startup_stm32l072xx.o(.text)
    I2C2_IRQHandler                          0x080000e7   Thumb Code     0  startup_stm32l072xx.o(.text)
    I2C3_IRQHandler                          0x080000e7   Thumb Code     0  startup_stm32l072xx.o(.text)
    LPTIM1_IRQHandler                        0x080000e7   Thumb Code     0  startup_stm32l072xx.o(.text)
    PVD_IRQHandler                           0x080000e7   Thumb Code     0  startup_stm32l072xx.o(.text)
    RCC_CRS_IRQHandler                       0x080000e7   Thumb Code     0  startup_stm32l072xx.o(.text)
    RNG_LPUART1_IRQHandler                   0x080000e7   Thumb Code     0  startup_stm32l072xx.o(.text)
    SPI1_IRQHandler                          0x080000e7   Thumb Code     0  startup_stm32l072xx.o(.text)
    SPI2_IRQHandler                          0x080000e7   Thumb Code     0  startup_stm32l072xx.o(.text)
    TIM21_IRQHandler                         0x080000e7   Thumb Code     0  startup_stm32l072xx.o(.text)
    TIM22_IRQHandler                         0x080000e7   Thumb Code     0  startup_stm32l072xx.o(.text)
    TIM2_IRQHandler                          0x080000e7   Thumb Code     0  startup_stm32l072xx.o(.text)
    TIM3_IRQHandler                          0x080000e7   Thumb Code     0  startup_stm32l072xx.o(.text)
    TIM6_DAC_IRQHandler                      0x080000e7   Thumb Code     0  startup_stm32l072xx.o(.text)
    TIM7_IRQHandler                          0x080000e7   Thumb Code     0  startup_stm32l072xx.o(.text)
    TSC_IRQHandler                           0x080000e7   Thumb Code     0  startup_stm32l072xx.o(.text)
    USART1_IRQHandler                        0x080000e7   Thumb Code     0  startup_stm32l072xx.o(.text)
    USART4_5_IRQHandler                      0x080000e7   Thumb Code     0  startup_stm32l072xx.o(.text)
    USB_IRQHandler                           0x080000e7   Thumb Code     0  startup_stm32l072xx.o(.text)
    WWDG_IRQHandler                          0x080000e7   Thumb Code     0  startup_stm32l072xx.o(.text)
    __aeabi_uidiv                            0x080000f1   Thumb Code     0  uidiv.o(.text)
    __aeabi_uidivmod                         0x080000f1   Thumb Code    44  uidiv.o(.text)
    __aeabi_idiv                             0x0800011d   Thumb Code     0  idiv.o(.text)
    __aeabi_idivmod                          0x0800011d   Thumb Code    40  idiv.o(.text)
    __aeabi_uldivmod                         0x08000145   Thumb Code    96  uldiv.o(.text)
    __aeabi_memcpy                           0x080001a5   Thumb Code    36  memcpya.o(.text)
    __aeabi_memcpy4                          0x080001a5   Thumb Code     0  memcpya.o(.text)
    __aeabi_memcpy8                          0x080001a5   Thumb Code     0  memcpya.o(.text)
    __aeabi_memset                           0x080001c9   Thumb Code    14  memseta.o(.text)
    __aeabi_memset4                          0x080001c9   Thumb Code     0  memseta.o(.text)
    __aeabi_memset8                          0x080001c9   Thumb Code     0  memseta.o(.text)
    __aeabi_memclr                           0x080001d7   Thumb Code     4  memseta.o(.text)
    __aeabi_memclr4                          0x080001d7   Thumb Code     0  memseta.o(.text)
    __aeabi_memclr8                          0x080001d7   Thumb Code     0  memseta.o(.text)
    _memset$wrapper                          0x080001db   Thumb Code    18  memseta.o(.text)
    __aeabi_uread4                           0x080001ed   Thumb Code    20  uread4.o(.text)
    __rt_uread4                              0x080001ed   Thumb Code     0  uread4.o(.text)
    _uread4                                  0x080001ed   Thumb Code     0  uread4.o(.text)
    __aeabi_fadd                             0x08000201   Thumb Code   162  fadd.o(.text)
    __aeabi_fsub                             0x080002a3   Thumb Code     8  fadd.o(.text)
    __aeabi_frsub                            0x080002ab   Thumb Code     8  fadd.o(.text)
    __aeabi_dadd                             0x080002b5   Thumb Code   328  dadd.o(.text)
    __aeabi_dsub                             0x080003fd   Thumb Code    12  dadd.o(.text)
    __aeabi_drsub                            0x08000409   Thumb Code    12  dadd.o(.text)
    __aeabi_dmul                             0x08000419   Thumb Code   202  dmul.o(.text)
    __aeabi_ddiv                             0x080004e9   Thumb Code   234  ddiv.o(.text)
    __ARM_scalbn                             0x080005d9   Thumb Code    44  dscalb.o(.text)
    scalbn                                   0x080005d9   Thumb Code     0  dscalb.o(.text)
    __aeabi_ui2f                             0x08000605   Thumb Code    14  ffltui.o(.text)
    __aeabi_i2d                              0x08000615   Thumb Code    34  dflti.o(.text)
    __aeabi_ui2d                             0x0800063d   Thumb Code    24  dfltui.o(.text)
    __aeabi_d2iz                             0x08000659   Thumb Code    62  dfixi.o(.text)
    __aeabi_d2uiz                            0x080006a1   Thumb Code    50  dfixui.o(.text)
    __aeabi_f2d                              0x080006dd   Thumb Code    40  f2d.o(.text)
    __aeabi_cdrcmple                         0x08000705   Thumb Code    38  cdrcmple.o(.text)
    __aeabi_llsl                             0x0800072d   Thumb Code    32  llshl.o(.text)
    _ll_shift_l                              0x0800072d   Thumb Code     0  llshl.o(.text)
    __aeabi_llsr                             0x0800074d   Thumb Code    34  llushr.o(.text)
    _ll_ushift_r                             0x0800074d   Thumb Code     0  llushr.o(.text)
    __aeabi_lasr                             0x0800076f   Thumb Code    38  llsshr.o(.text)
    _ll_sshift_r                             0x0800076f   Thumb Code     0  llsshr.o(.text)
    __I$use$fp                               0x08000795   Thumb Code     0  iusefp.o(.text)
    _float_round                             0x08000795   Thumb Code    16  fepilogue.o(.text)
    _float_epilogue                          0x080007a5   Thumb Code   114  fepilogue.o(.text)
    _double_round                            0x08000817   Thumb Code    26  depilogue.o(.text)
    _double_epilogue                         0x08000831   Thumb Code   164  depilogue.o(.text)
    _drnd                                    0x080008d5   Thumb Code   114  drnd.o(.text)
    __aeabi_d2ulz                            0x08000951   Thumb Code    54  dfixul.o(.text)
    __aeabi_cdcmpeq                          0x08000991   Thumb Code     0  cdcmple.o(.text)
    __aeabi_cdcmple                          0x08000991   Thumb Code    38  cdcmple.o(.text)
    __scatterload                            0x080009b9   Thumb Code    28  init.o(.text)
    __scatterload_rt2                        0x080009b9   Thumb Code     0  init.o(.text)
    __decompress                             0x080009dd   Thumb Code     0  __dczerorl2.o(.text)
    __decompress1                            0x080009dd   Thumb Code    86  __dczerorl2.o(.text)
    AES_CMAC_Final                           0x08000abd   Thumb Code   316  cmac.o(i.AES_CMAC_Final)
    AES_CMAC_Init                            0x08000bf9   Thumb Code    32  cmac.o(i.AES_CMAC_Init)
    AES_CMAC_SetKey                          0x08000c19   Thumb Code    16  cmac.o(i.AES_CMAC_SetKey)
    AES_CMAC_Update                          0x08000c29   Thumb Code   190  cmac.o(i.AES_CMAC_Update)
    BSP_LED_Init                             0x08000da1   Thumb Code    88  b-l072z-lrwan1.o(i.BSP_LED_Init)
    BSP_LED_Off                              0x08000e05   Thumb Code    22  b-l072z-lrwan1.o(i.BSP_LED_Off)
    BSP_LED_On                               0x08000e25   Thumb Code    22  b-l072z-lrwan1.o(i.BSP_LED_On)
    BSP_sensor_Init                          0x08000e45   Thumb Code     2  bsp.o(i.BSP_sensor_Init)
    BSP_sensor_Read                          0x08000e49   Thumb Code    18  bsp.o(i.BSP_sensor_Read)
    DBG_Init                                 0x08000f05   Thumb Code   120  debug.o(i.DBG_Init)
    DelayMs                                  0x08000f85   Thumb Code     8  delay.o(i.DelayMs)
    EXTI0_1_IRQHandler                       0x08000f8d   Thumb Code    16  mlm32l0xx_it.o(i.EXTI0_1_IRQHandler)
    EXTI2_3_IRQHandler                       0x08000f9d   Thumb Code    16  mlm32l0xx_it.o(i.EXTI2_3_IRQHandler)
    EXTI4_15_IRQHandler                      0x08000fad   Thumb Code    92  mlm32l0xx_it.o(i.EXTI4_15_IRQHandler)
    Error_Handler                            0x08001009   Thumb Code     2  debug.o(i.Error_Handler)
    HAL_ADCEx_Calibration_Start              0x0800105d   Thumb Code   170  stm32l0xx_hal_adc_ex.o(i.HAL_ADCEx_Calibration_Start)
    HAL_ADC_ConfigChannel                    0x08001109   Thumb Code   140  stm32l0xx_hal_adc.o(i.HAL_ADC_ConfigChannel)
    HAL_ADC_GetValue                         0x0800119d   Thumb Code     6  stm32l0xx_hal_adc.o(i.HAL_ADC_GetValue)
    HAL_ADC_Init                             0x080011a5   Thumb Code   442  stm32l0xx_hal_adc.o(i.HAL_ADC_Init)
    HAL_ADC_MspInit                          0x08001369   Thumb Code     2  stm32l0xx_hal_adc.o(i.HAL_ADC_MspInit)
    HAL_ADC_PollForConversion                0x0800136b   Thumb Code   190  stm32l0xx_hal_adc.o(i.HAL_ADC_PollForConversion)
    HAL_ADC_Start                            0x08001429   Thumb Code    86  stm32l0xx_hal_adc.o(i.HAL_ADC_Start)
    HAL_DBGMCU_EnableDBGSleepMode            0x08001485   Thumb Code    12  stm32l0xx_hal.o(i.HAL_DBGMCU_EnableDBGSleepMode)
    HAL_DBGMCU_EnableDBGStandbyMode          0x08001495   Thumb Code    12  stm32l0xx_hal.o(i.HAL_DBGMCU_EnableDBGStandbyMode)
    HAL_DBGMCU_EnableDBGStopMode             0x080014a5   Thumb Code    12  stm32l0xx_hal.o(i.HAL_DBGMCU_EnableDBGStopMode)
    HAL_GPIO_EXTI_Callback                   0x080014b5   Thumb Code     8  mlm32l0xx_hal_msp.o(i.HAL_GPIO_EXTI_Callback)
    HAL_GPIO_EXTI_IRQHandler                 0x080014bd   Thumb Code    18  stm32l0xx_hal_gpio.o(i.HAL_GPIO_EXTI_IRQHandler)
    HAL_GPIO_Init                            0x080014d5   Thumb Code   356  stm32l0xx_hal_gpio.o(i.HAL_GPIO_Init)
    HAL_GPIO_WritePin                        0x08001659   Thumb Code    12  stm32l0xx_hal_gpio.o(i.HAL_GPIO_WritePin)
    HAL_GetTick                              0x08001665   Thumb Code     6  stm32l0xx_hal.o(i.HAL_GetTick)
    HAL_IncTick                              0x08001671   Thumb Code    10  stm32l0xx_hal.o(i.HAL_IncTick)
    HAL_Init                                 0x08001681   Thumb Code    26  stm32l0xx_hal.o(i.HAL_Init)
    HAL_InitTick                             0x080016a1   Thumb Code     4  mlm32l0xx_hal_msp.o(i.HAL_InitTick)
    HAL_MspInit                              0x080016a5   Thumb Code    46  mlm32l0xx_hal_msp.o(i.HAL_MspInit)
    HAL_NVIC_ClearPendingIRQ                 0x080016dd   Thumb Code    14  stm32l0xx_hal_cortex.o(i.HAL_NVIC_ClearPendingIRQ)
    HAL_NVIC_EnableIRQ                       0x080016f1   Thumb Code    14  stm32l0xx_hal_cortex.o(i.HAL_NVIC_EnableIRQ)
    HAL_NVIC_SetPendingIRQ                   0x08001705   Thumb Code    14  stm32l0xx_hal_cortex.o(i.HAL_NVIC_SetPendingIRQ)
    HAL_NVIC_SetPriority                     0x08001719   Thumb Code     8  stm32l0xx_hal_cortex.o(i.HAL_NVIC_SetPriority)
    HAL_PWREx_EnableFastWakeUp               0x08001721   Thumb Code    12  stm32l0xx_hal_pwr_ex.o(i.HAL_PWREx_EnableFastWakeUp)
    HAL_PWREx_EnableUltraLowPower            0x08001731   Thumb Code    12  stm32l0xx_hal_pwr_ex.o(i.HAL_PWREx_EnableUltraLowPower)
    HAL_PWR_DisablePVD                       0x08001741   Thumb Code    12  stm32l0xx_hal_pwr.o(i.HAL_PWR_DisablePVD)
    HAL_RCCEx_GetPeriphCLKFreq               0x08001751   Thumb Code   406  stm32l0xx_hal_rcc_ex.o(i.HAL_RCCEx_GetPeriphCLKFreq)
    HAL_RCCEx_PeriphCLKConfig                0x08001911   Thumb Code   382  stm32l0xx_hal_rcc_ex.o(i.HAL_RCCEx_PeriphCLKConfig)
    HAL_RCC_ClockConfig                      0x08001a9d   Thumb Code   340  stm32l0xx_hal_rcc.o(i.HAL_RCC_ClockConfig)
    HAL_RCC_GetPCLK1Freq                     0x08001c05   Thumb Code    20  stm32l0xx_hal_rcc.o(i.HAL_RCC_GetPCLK1Freq)
    HAL_RCC_GetPCLK2Freq                     0x08001c25   Thumb Code    20  stm32l0xx_hal_rcc.o(i.HAL_RCC_GetPCLK2Freq)
    HAL_RCC_GetSysClockFreq                  0x08001c45   Thumb Code   100  stm32l0xx_hal_rcc.o(i.HAL_RCC_GetSysClockFreq)
    HAL_RCC_OscConfig                        0x08001cbd   Thumb Code  1116  stm32l0xx_hal_rcc.o(i.HAL_RCC_OscConfig)
    HAL_RTCEx_EnableBypassShadow             0x08002119   Thumb Code    60  stm32l0xx_hal_rtc_ex.o(i.HAL_RTCEx_EnableBypassShadow)
    HAL_RTC_AlarmAEventCallback              0x08002155   Thumb Code     8  mlm32l0xx_hal_msp.o(i.HAL_RTC_AlarmAEventCallback)
    HAL_RTC_DeactivateAlarm                  0x0800215d   Thumb Code   184  stm32l0xx_hal_rtc.o(i.HAL_RTC_DeactivateAlarm)
    HAL_RTC_GetDate                          0x08002215   Thumb Code    68  stm32l0xx_hal_rtc.o(i.HAL_RTC_GetDate)
    HAL_RTC_GetTime                          0x08002259   Thumb Code    88  stm32l0xx_hal_rtc.o(i.HAL_RTC_GetTime)
    HAL_RTC_Init                             0x080022b5   Thumb Code   160  stm32l0xx_hal_rtc.o(i.HAL_RTC_Init)
    HAL_RTC_MspInit                          0x08002359   Thumb Code    86  mlm32l0xx_hal_msp.o(i.HAL_RTC_MspInit)
    HAL_RTC_SetAlarm_IT                      0x080023b5   Thumb Code   408  stm32l0xx_hal_rtc.o(i.HAL_RTC_SetAlarm_IT)
    HAL_RTC_SetDate                          0x08002555   Thumb Code   200  stm32l0xx_hal_rtc.o(i.HAL_RTC_SetDate)
    HAL_RTC_SetTime                          0x08002621   Thumb Code   234  stm32l0xx_hal_rtc.o(i.HAL_RTC_SetTime)
    HAL_RTC_WaitForSynchro                   0x08002711   Thumb Code    52  stm32l0xx_hal_rtc.o(i.HAL_RTC_WaitForSynchro)
    HAL_SPI_Init                             0x08002745   Thumb Code   132  stm32l0xx_hal_spi.o(i.HAL_SPI_Init)
    HAL_SPI_MspInit                          0x080027c9   Thumb Code     2  stm32l0xx_hal_spi.o(i.HAL_SPI_MspInit)
    HAL_SPI_TransmitReceive                  0x080027cb   Thumb Code   696  stm32l0xx_hal_spi.o(i.HAL_SPI_TransmitReceive)
    HAL_UART_Init                            0x08002a83   Thumb Code   108  stm32l0xx_hal_uart.o(i.HAL_UART_Init)
    HAL_UART_MspInit                         0x08002af1   Thumb Code    20  vcom.o(i.HAL_UART_MspInit)
    HAL_UART_Transmit                        0x08002b09   Thumb Code   200  stm32l0xx_hal_uart.o(i.HAL_UART_Transmit)
    HW_AdcInit                               0x08002bd1   Thumb Code    74  mlm32l0xx_hw.o(i.HW_AdcInit)
    HW_AdcReadChannel                        0x08002c2d   Thumb Code   122  mlm32l0xx_hw.o(i.HW_AdcReadChannel)
    HW_GPIO_Init                             0x08002cf9   Thumb Code    80  hw_gpio.o(i.HW_GPIO_Init)
    HW_GPIO_IrqHandler                       0x08002d4d   Thumb Code    20  hw_gpio.o(i.HW_GPIO_IrqHandler)
    HW_GPIO_SetIrq                           0x08002d65   Thumb Code    56  hw_gpio.o(i.HW_GPIO_SetIrq)
    HW_GPIO_Write                            0x08002da1   Thumb Code    10  hw_gpio.o(i.HW_GPIO_Write)
    HW_GetBatteryLevel                       0x08002dad   Thumb Code    62  mlm32l0xx_hw.o(i.HW_GetBatteryLevel)
    HW_GetRandomSeed                         0x08002dfd   Thumb Code    14  mlm32l0xx_hw.o(i.HW_GetRandomSeed)
    HW_GetTemperatureLevel                   0x08002e11   Thumb Code    72  mlm32l0xx_hw.o(i.HW_GetTemperatureLevel)
    HW_GetUniqueId                           0x08002e69   Thumb Code    64  mlm32l0xx_hw.o(i.HW_GetUniqueId)
    HW_GpioInit                              0x08002ead   Thumb Code   150  mlm32l0xx_hw.o(i.HW_GpioInit)
    HW_Init                                  0x08002f5d   Thumb Code    66  mlm32l0xx_hw.o(i.HW_Init)
    HW_RTC_DelayMs                           0x08002fa9   Thumb Code    38  hw_rtc.o(i.HW_RTC_DelayMs)
    HW_RTC_GetMinimumTimeout                 0x08003075   Thumb Code     4  hw_rtc.o(i.HW_RTC_GetMinimumTimeout)
    HW_RTC_GetTimerContext                   0x08003079   Thumb Code     6  hw_rtc.o(i.HW_RTC_GetTimerContext)
    HW_RTC_GetTimerElapsedTime               0x08003085   Thumb Code    22  hw_rtc.o(i.HW_RTC_GetTimerElapsedTime)
    HW_RTC_GetTimerValue                     0x080030a1   Thumb Code    16  hw_rtc.o(i.HW_RTC_GetTimerValue)
    HW_RTC_Init                              0x080030b1   Thumb Code    34  hw_rtc.o(i.HW_RTC_Init)
    HW_RTC_IrqHandler                        0x080030dd   Thumb Code    54  hw_rtc.o(i.HW_RTC_IrqHandler)
    HW_RTC_SetAlarm                          0x0800311d   Thumb Code    56  hw_rtc.o(i.HW_RTC_SetAlarm)
    HW_RTC_SetTimerContext                   0x080031b9   Thumb Code    18  hw_rtc.o(i.HW_RTC_SetTimerContext)
    HW_RTC_StopAlarm                         0x08003305   Thumb Code    36  hw_rtc.o(i.HW_RTC_StopAlarm)
    HW_RTC_Tick2ms                           0x08003331   Thumb Code    16  hw_rtc.o(i.HW_RTC_Tick2ms)
    HW_RTC_ms2Tick                           0x08003341   Thumb Code    16  hw_rtc.o(i.HW_RTC_ms2Tick)
    HW_SPI_InOut                             0x08003351   Thumb Code    28  hw_spi.o(i.HW_SPI_InOut)
    HW_SPI_Init                              0x08003371   Thumb Code   112  hw_spi.o(i.HW_SPI_Init)
    HW_SPI_IoInit                            0x080033f5   Thumb Code    92  hw_spi.o(i.HW_SPI_IoInit)
    HardFault_Handler                        0x08003455   Thumb Code     4  mlm32l0xx_it.o(i.HardFault_Handler)
    LORA_Init                                0x080034b9   Thumb Code   202  lora.o(i.LORA_Init)
    LORA_Join                                0x080035e9   Thumb Code    50  lora.o(i.LORA_Join)
    LORA_JoinStatus                          0x08003625   Thumb Code    24  lora.o(i.LORA_JoinStatus)
    LORA_RequestClass                        0x0800363d   Thumb Code   100  lora.o(i.LORA_RequestClass)
    LORA_send                                0x08003749   Thumb Code   124  lora.o(i.LORA_send)
    LPM_GetMode                              0x080037c9   Thumb Code    36  low_power_manager.o(i.LPM_GetMode)
    LPM_SetOffMode                           0x080037f1   Thumb Code    34  low_power_manager.o(i.LPM_SetOffMode)
    LPM_SetStopMode                          0x08003819   Thumb Code    34  low_power_manager.o(i.LPM_SetStopMode)
    LoRaMacComputeMic                        0x08003875   Thumb Code   112  loramaccrypto.o(i.LoRaMacComputeMic)
    LoRaMacInitialization                    0x080038f1   Thumb Code   514  loramac.o(i.LoRaMacInitialization)
    LoRaMacJoinComputeMic                    0x08003b29   Thumb Code    62  loramaccrypto.o(i.LoRaMacJoinComputeMic)
    LoRaMacJoinComputeSKeys                  0x08003b71   Thumb Code   130  loramaccrypto.o(i.LoRaMacJoinComputeSKeys)
    LoRaMacJoinDecrypt                       0x08003bf9   Thumb Code    60  loramaccrypto.o(i.LoRaMacJoinDecrypt)
    LoRaMacMcpsRequest                       0x08003c39   Thumb Code   288  loramac.o(i.LoRaMacMcpsRequest)
    LoRaMacMibGetRequestConfirm              0x08003d65   Thumb Code   240  loramac.o(i.LoRaMacMibGetRequestConfirm)
    LoRaMacMibSetRequestConfirm              0x08003e61   Thumb Code   570  loramac.o(i.LoRaMacMibSetRequestConfirm)
    LoRaMacMlmeRequest                       0x080040ad   Thumb Code   238  loramac.o(i.LoRaMacMlmeRequest)
    LoRaMacPayloadDecrypt                    0x080041a9   Thumb Code    16  loramaccrypto.o(i.LoRaMacPayloadDecrypt)
    LoRaMacPayloadEncrypt                    0x080041b9   Thumb Code   182  loramaccrypto.o(i.LoRaMacPayloadEncrypt)
    LoRaMacQueryTxPossible                   0x08004279   Thumb Code   174  loramac.o(i.LoRaMacQueryTxPossible)
    MSP_GetIRQn                              0x08004331   Thumb Code    48  mlm32l0xx_hal_msp.o(i.MSP_GetIRQn)
    NMI_Handler                              0x08004411   Thumb Code     2  mlm32l0xx_it.o(i.NMI_Handler)
    PendSV_Handler                           0x08004f4d   Thumb Code     2  mlm32l0xx_it.o(i.PendSV_Handler)
    PrepareFrame                             0x08004f51   Thumb Code   620  loramac.o(i.PrepareFrame)
    RTC_Bcd2ToByte                           0x08005539   Thumb Code    16  stm32l0xx_hal_rtc.o(i.RTC_Bcd2ToByte)
    RTC_ByteToBcd2                           0x08005549   Thumb Code    22  stm32l0xx_hal_rtc.o(i.RTC_ByteToBcd2)
    RTC_EnterInitMode                        0x0800555f   Thumb Code    56  stm32l0xx_hal_rtc.o(i.RTC_EnterInitMode)
    RTC_IRQHandler                           0x08005597   Thumb Code     8  mlm32l0xx_it.o(i.RTC_IRQHandler)
    RegionAdrNext                            0x0800559f   Thumb Code    30  region.o(i.RegionAdrNext)
    RegionAlternateDr                        0x080055bd   Thumb Code    18  region.o(i.RegionAlternateDr)
    RegionApplyCFList                        0x080055cf   Thumb Code    14  region.o(i.RegionApplyCFList)
    RegionApplyDrOffset                      0x080055dd   Thumb Code    26  region.o(i.RegionApplyDrOffset)
    RegionCalcBackOff                        0x080055f7   Thumb Code    14  region.o(i.RegionCalcBackOff)
    RegionChanMaskSet                        0x08005605   Thumb Code    18  region.o(i.RegionChanMaskSet)
    RegionCommonCalcBackOff                  0x08005617   Thumb Code    92  regioncommon.o(i.RegionCommonCalcBackOff)
    RegionCommonChanDisable                  0x08005673   Thumb Code    38  regioncommon.o(i.RegionCommonChanDisable)
    RegionCommonChanMaskCopy                 0x08005699   Thumb Code    30  regioncommon.o(i.RegionCommonChanMaskCopy)
    RegionCommonChanVerifyDr                 0x080056b7   Thumb Code    96  regioncommon.o(i.RegionCommonChanVerifyDr)
    RegionCommonComputeRxWindowParameters    0x08005717   Thumb Code   144  regioncommon.o(i.RegionCommonComputeRxWindowParameters)
    RegionCommonComputeSymbolTimeLoRa        0x080057a9   Thumb Code    40  regioncommon.o(i.RegionCommonComputeSymbolTimeLoRa)
    RegionCommonComputeTxPower               0x080057d5   Thumb Code    40  regioncommon.o(i.RegionCommonComputeTxPower)
    RegionCommonCountChannels                0x080057fd   Thumb Code    68  regioncommon.o(i.RegionCommonCountChannels)
    RegionCommonGetJoinDc                    0x08005841   Thumb Code    26  regioncommon.o(i.RegionCommonGetJoinDc)
    RegionCommonLinkAdrReqVerifyParams       0x08005869   Thumb Code   152  regioncommon.o(i.RegionCommonLinkAdrReqVerifyParams)
    RegionCommonParseLinkAdrReq              0x08005901   Thumb Code    54  regioncommon.o(i.RegionCommonParseLinkAdrReq)
    RegionCommonSetBandTxDone                0x08005937   Thumb Code    10  regioncommon.o(i.RegionCommonSetBandTxDone)
    RegionCommonUpdateBandTimeOff            0x08005941   Thumb Code   190  regioncommon.o(i.RegionCommonUpdateBandTimeOff)
    RegionCommonValueInRange                 0x080059ff   Thumb Code    16  regioncommon.o(i.RegionCommonValueInRange)
    RegionComputeRxWindowParameters          0x08005a0f   Thumb Code    26  region.o(i.RegionComputeRxWindowParameters)
    RegionDlChannelReq                       0x08005a29   Thumb Code    18  region.o(i.RegionDlChannelReq)
    RegionGetPhyParam                        0x08005a3b   Thumb Code    20  region.o(i.RegionGetPhyParam)
    RegionInitDefaults                       0x08005a4f   Thumb Code    14  region.o(i.RegionInitDefaults)
    RegionIsActive                           0x08005a5d   Thumb Code    12  region.o(i.RegionIsActive)
    RegionLinkAdrReq                         0x08005a69   Thumb Code    34  region.o(i.RegionLinkAdrReq)
    RegionNewChannelReq                      0x08005a8b   Thumb Code    18  region.o(i.RegionNewChannelReq)
    RegionNextChannel                        0x08005a9d   Thumb Code    30  region.o(i.RegionNextChannel)
    RegionRxConfig                           0x08005abb   Thumb Code    22  region.o(i.RegionRxConfig)
    RegionRxParamSetupReq                    0x08005ad1   Thumb Code    18  region.o(i.RegionRxParamSetupReq)
    RegionSetBandTxDone                      0x08005ae3   Thumb Code    14  region.o(i.RegionSetBandTxDone)
    RegionSetContinuousWave                  0x08005af1   Thumb Code    14  region.o(i.RegionSetContinuousWave)
    RegionTxConfig                           0x08005aff   Thumb Code    26  region.o(i.RegionTxConfig)
    RegionTxParamSetupReq                    0x08005b19   Thumb Code    18  region.o(i.RegionTxParamSetupReq)
    RegionUS915AdrNext                       0x08005b2d   Thumb Code   124  regionus915.o(i.RegionUS915AdrNext)
    RegionUS915AlternateDr                   0x08005bb1   Thumb Code    24  regionus915.o(i.RegionUS915AlternateDr)
    RegionUS915ApplyCFList                   0x08005bd1   Thumb Code     2  regionus915.o(i.RegionUS915ApplyCFList)
    RegionUS915ApplyDrOffset                 0x08005bd5   Thumb Code    18  regionus915.o(i.RegionUS915ApplyDrOffset)
    RegionUS915CalcBackOff                   0x08005bed   Thumb Code    48  regionus915.o(i.RegionUS915CalcBackOff)
    RegionUS915ChanMaskSet                   0x08005c25   Thumb Code    86  regionus915.o(i.RegionUS915ChanMaskSet)
    RegionUS915ComputeRxWindowParameters     0x08005c81   Thumb Code    78  regionus915.o(i.RegionUS915ComputeRxWindowParameters)
    RegionUS915DlChannelReq                  0x08005cd9   Thumb Code     4  regionus915.o(i.RegionUS915DlChannelReq)
    RegionUS915GetPhyParam                   0x08005cdd   Thumb Code   158  regionus915.o(i.RegionUS915GetPhyParam)
    RegionUS915InitDefaults                  0x08005d9d   Thumb Code   172  regionus915.o(i.RegionUS915InitDefaults)
    RegionUS915LinkAdrReq                    0x08005e65   Thumb Code   332  regionus915.o(i.RegionUS915LinkAdrReq)
    RegionUS915NewChannelReq                 0x08005fbd   Thumb Code     4  regionus915.o(i.RegionUS915NewChannelReq)
    RegionUS915NextChannel                   0x08005fc1   Thumb Code   198  regionus915.o(i.RegionUS915NextChannel)
    RegionUS915RxConfig                      0x08006095   Thumb Code   144  regionus915.o(i.RegionUS915RxConfig)
    RegionUS915RxParamSetupReq               0x08006135   Thumb Code   120  regionus915.o(i.RegionUS915RxParamSetupReq)
    RegionUS915SetBandTxDone                 0x080061bd   Thumb Code    30  regionus915.o(i.RegionUS915SetBandTxDone)
    RegionUS915SetContinuousWave             0x080061e5   Thumb Code    70  regionus915.o(i.RegionUS915SetContinuousWave)
    RegionUS915TxConfig                      0x08006241   Thumb Code   154  regionus915.o(i.RegionUS915TxConfig)
    RegionUS915TxParamSetupReq               0x080062f9   Thumb Code     6  regionus915.o(i.RegionUS915TxParamSetupReq)
    RegionUS915Verify                        0x080062ff   Thumb Code    70  regionus915.o(i.RegionUS915Verify)
    RegionVerify                             0x08006345   Thumb Code    22  region.o(i.RegionVerify)
    RxChainCalibration                       0x080063e5   Thumb Code   138  sx1276.o(i.RxChainCalibration)
    SVC_Handler                              0x08006543   Thumb Code     2  mlm32l0xx_it.o(i.SVC_Handler)
    SX1276BoardInit                          0x08006545   Thumb Code     6  sx1276.o(i.SX1276BoardInit)
    SX1276CheckRfFrequency                   0x08006551   Thumb Code     4  mlm32l07x01.o(i.SX1276CheckRfFrequency)
    SX1276GetPaSelect                        0x08006555   Thumb Code    12  mlm32l07x01.o(i.SX1276GetPaSelect)
    SX1276GetStatus                          0x08006561   Thumb Code     6  sx1276.o(i.SX1276GetStatus)
    SX1276GetTimeOnAir                       0x0800656d   Thumb Code   444  sx1276.o(i.SX1276GetTimeOnAir)
    SX1276GetWakeTime                        0x08006751   Thumb Code     4  mlm32l07x01.o(i.SX1276GetWakeTime)
    SX1276GetWakeupTime                      0x08006755   Thumb Code    14  sx1276.o(i.SX1276GetWakeupTime)
    SX1276Init                               0x08006769   Thumb Code   122  sx1276.o(i.SX1276Init)
    SX1276IoDeInit                           0x080067f5   Thumb Code    68  mlm32l07x01.o(i.SX1276IoDeInit)
    SX1276IoInit                             0x08006845   Thumb Code    94  mlm32l07x01.o(i.SX1276IoInit)
    SX1276IoIrqInit                          0x080068b5   Thumb Code    58  mlm32l07x01.o(i.SX1276IoIrqInit)
    SX1276IsChannelFree                      0x080068f9   Thumb Code    78  sx1276.o(i.SX1276IsChannelFree)
    SX1276OnDio0Irq                          0x08006949   Thumb Code   594  sx1276.o(i.SX1276OnDio0Irq)
    SX1276OnDio1Irq                          0x08006bc5   Thumb Code   194  sx1276.o(i.SX1276OnDio1Irq)
    SX1276OnDio2Irq                          0x08006c9d   Thumb Code   166  sx1276.o(i.SX1276OnDio2Irq)
    SX1276OnDio3Irq                          0x08006d51   Thumb Code    76  sx1276.o(i.SX1276OnDio3Irq)
    SX1276OnDio4Irq                          0x08006da5   Thumb Code    24  sx1276.o(i.SX1276OnDio4Irq)
    SX1276OnTimeoutIrq                       0x08006dc1   Thumb Code   188  sx1276.o(i.SX1276OnTimeoutIrq)
    SX1276Random                             0x08006e89   Thumb Code    62  sx1276.o(i.SX1276Random)
    SX1276Read                               0x08006ec7   Thumb Code    16  sx1276.o(i.SX1276Read)
    SX1276ReadBuffer                         0x08006ed7   Thumb Code    66  sx1276.o(i.SX1276ReadBuffer)
    SX1276ReadFifo                           0x08006f19   Thumb Code    14  sx1276.o(i.SX1276ReadFifo)
    SX1276ReadRssi                           0x08006f29   Thumb Code    58  sx1276.o(i.SX1276ReadRssi)
    SX1276Reset                              0x08006f6d   Thumb Code    74  sx1276.o(i.SX1276Reset)
    SX1276Send                               0x08006fbd   Thumb Code   230  sx1276.o(i.SX1276Send)
    SX1276SetAntSw                           0x080070ad   Thumb Code    60  mlm32l07x01.o(i.SX1276SetAntSw)
    SX1276SetAntSwLowPower                   0x080070f1   Thumb Code   110  mlm32l07x01.o(i.SX1276SetAntSwLowPower)
    SX1276SetChannel                         0x08007165   Thumb Code    72  sx1276.o(i.SX1276SetChannel)
    SX1276SetMaxPayloadLength                0x080071b5   Thumb Code    42  sx1276.o(i.SX1276SetMaxPayloadLength)
    SX1276SetModem                           0x080071e5   Thumb Code   106  sx1276.o(i.SX1276SetModem)
    SX1276SetOpMode                          0x08007255   Thumb Code    86  sx1276.o(i.SX1276SetOpMode)
    SX1276SetPublicNetwork                   0x080072b1   Thumb Code    32  sx1276.o(i.SX1276SetPublicNetwork)
    SX1276SetRfTxPower                       0x080072d5   Thumb Code   152  mlm32l07x01.o(i.SX1276SetRfTxPower)
    SX1276SetRx                              0x0800736d   Thumb Code   474  sx1276.o(i.SX1276SetRx)
    SX1276SetRxConfig                        0x08007569   Thumb Code   628  sx1276.o(i.SX1276SetRxConfig)
    SX1276SetSleep                           0x080077f1   Thumb Code    32  sx1276.o(i.SX1276SetSleep)
    SX1276SetStby                            0x08007815   Thumb Code    32  sx1276.o(i.SX1276SetStby)
    SX1276SetTx                              0x08007839   Thumb Code   158  sx1276.o(i.SX1276SetTx)
    SX1276SetTxConfig                        0x080078dd   Thumb Code   490  sx1276.o(i.SX1276SetTxConfig)
    SX1276SetTxContinuousWave                0x08007ad9   Thumb Code   120  sx1276.o(i.SX1276SetTxContinuousWave)
    SX1276SetXO                              0x08007b55   Thumb Code    40  mlm32l07x01.o(i.SX1276SetXO)
    SX1276StartCad                           0x08007b7d   Thumb Code    50  sx1276.o(i.SX1276StartCad)
    SX1276Write                              0x08007bb5   Thumb Code    12  sx1276.o(i.SX1276Write)
    SX1276WriteBuffer                        0x08007bc1   Thumb Code    66  sx1276.o(i.SX1276WriteBuffer)
    SX1276WriteFifo                          0x08007c03   Thumb Code    14  sx1276.o(i.SX1276WriteFifo)
    Send                                     0x08007ddd   Thumb Code    56  loramac.o(i.Send)
    SendFrameOnChannel                       0x08007e1d   Thumb Code   122  loramac.o(i.SendFrameOnChannel)
    SetTxContinuousWave                      0x08007ec5   Thumb Code    74  loramac.o(i.SetTxContinuousWave)
    SetTxContinuousWave1                     0x08007f19   Thumb Code    48  loramac.o(i.SetTxContinuousWave1)
    SysTick_Handler                          0x08007f55   Thumb Code     8  mlm32l0xx_it.o(i.SysTick_Handler)
    SystemClock_Config                       0x08007f5d   Thumb Code   130  mlm32l0xx_hw.o(i.SystemClock_Config)
    SystemInit                               0x08007fe9   Thumb Code    66  system_stm32l0xx.o(i.SystemInit)
    TimerGetCurrentTime                      0x0800803d   Thumb Code    12  timeserver.o(i.TimerGetCurrentTime)
    TimerGetElapsedTime                      0x08008049   Thumb Code    24  timeserver.o(i.TimerGetElapsedTime)
    TimerInit                                0x08008061   Thumb Code    14  timeserver.o(i.TimerInit)
    TimerIrqHandler                          0x0800808d   Thumb Code   116  timeserver.o(i.TimerIrqHandler)
    TimerSetValue                            0x08008131   Thumb Code    34  timeserver.o(i.TimerSetValue)
    TimerStart                               0x08008155   Thumb Code   108  timeserver.o(i.TimerStart)
    TimerStop                                0x080081c5   Thumb Code    92  timeserver.o(i.TimerStop)
    UART_AdvFeatureConfig                    0x08008225   Thumb Code   202  stm32l0xx_hal_uart.o(i.UART_AdvFeatureConfig)
    UART_CheckIdleState                      0x080082f1   Thumb Code    90  stm32l0xx_hal_uart.o(i.UART_CheckIdleState)
    UART_SetConfig                           0x08008351   Thumb Code   510  stm32l0xx_hal_uart.o(i.UART_SetConfig)
    UART_WaitOnFlagUntilTimeout              0x08008581   Thumb Code    98  stm32l0xx_hal_uart.o(i.UART_WaitOnFlagUntilTimeout)
    USART2_IRQHandler                        0x080085e3   Thumb Code     8  mlm32l0xx_it.o(i.USART2_IRQHandler)
    __0vsprintf                              0x08008635   Thumb Code    30  printfa.o(i.__0vsprintf)
    __1vsprintf                              0x08008635   Thumb Code     0  printfa.o(i.__0vsprintf)
    __2vsprintf                              0x08008635   Thumb Code     0  printfa.o(i.__0vsprintf)
    __c89vsprintf                            0x08008635   Thumb Code     0  printfa.o(i.__0vsprintf)
    vsprintf                                 0x08008635   Thumb Code     0  printfa.o(i.__0vsprintf)
    __ARM_clz                                0x08008659   Thumb Code    46  depilogue.o(i.__ARM_clz)
    __ARM_common_ll_muluu                    0x08008687   Thumb Code    48  hw_rtc.o(i.__ARM_common_ll_muluu)
    __ARM_common_switch8                     0x080086b7   Thumb Code    26  hts221_driver_hl.o(i.__ARM_common_switch8)
    __scatterload_copy                       0x080086d1   Thumb Code    14  handlers.o(i.__scatterload_copy)
    __scatterload_null                       0x080086df   Thumb Code     2  handlers.o(i.__scatterload_null)
    __scatterload_zeroinit                   0x080086e1   Thumb Code    14  handlers.o(i.__scatterload_zeroinit)
    aes_encrypt                              0x08008fa7   Thumb Code    84  aes.o(i.aes_encrypt)
    aes_set_key                              0x08008ffd   Thumb Code   248  aes.o(i.aes_set_key)
    ceil                                     0x080090f9   Thumb Code   180  ceil.o(i.ceil)
    certif_DownLinkIncrement                 0x080091c1   Thumb Code    10  lora-test.o(i.certif_DownLinkIncrement)
    certif_linkCheck                         0x080091d1   Thumb Code    16  lora-test.o(i.certif_linkCheck)
    certif_running                           0x080091e5   Thumb Code     6  lora-test.o(i.certif_running)
    certif_rx                                0x080091f1   Thumb Code   374  lora-test.o(i.certif_rx)
    floor                                    0x080094e5   Thumb Code   180  floor.o(i.floor)
    main                                     0x080095ad   Thumb Code    74  main.o(i.main)
    memcpy1                                  0x08009619   Thumb Code    22  utilities.o(i.memcpy1)
    memcpyr                                  0x0800962f   Thumb Code    26  utilities.o(i.memcpyr)
    memset1                                  0x08009649   Thumb Code    18  utilities.o(i.memset1)
    rand1                                    0x08009875   Thumb Code    26  utilities.o(i.rand1)
    randr                                    0x080098a1   Thumb Code    22  utilities.o(i.randr)
    round                                    0x080098b9   Thumb Code   142  round.o(i.round)
    srand1                                   0x080099bd   Thumb Code     6  utilities.o(i.srand1)
    vcom_Init                                0x080099c9   Thumb Code    58  vcom.o(i.vcom_Init)
    vcom_IoInit                              0x08009a0d   Thumb Code    86  vcom.o(i.vcom_IoInit)
    vcom_Print                               0x08009a69   Thumb Code    72  vcom.o(i.vcom_Print)
    vcom_Send                                0x08009abd   Thumb Code   114  vcom.o(i.vcom_Send)
    RadioRegsInit                            0x08009bbc   Data          48  sx1276.o(.constdata)
    FskBandwidths                            0x08009bec   Data         176  sx1276.o(.constdata)
    Radio                                    0x08009c9c   Data         116  mlm32l07x01.o(.constdata)
    BUTTON_IRQn                              0x08009d10   Data           1  b-l072z-lrwan1.o(.constdata)
    BUTTON_PIN                               0x08009d12   Data           2  b-l072z-lrwan1.o(.constdata)
    LED_PIN                                  0x08009d14   Data           8  b-l072z-lrwan1.o(.constdata)
    AHBPrescTable                            0x08009d1c   Data          16  system_stm32l0xx.o(.constdata)
    PLLMulTable                              0x08009d2c   Data           9  system_stm32l0xx.o(.constdata)
    APBPrescTable                            0x08009d35   Data           8  system_stm32l0xx.o(.constdata)
    Region$$Table$$Base                      0x0800a0ec   Number         0  anon$$obj.o(Region$$Table)
    Region$$Table$$Limit                     0x0800a10c   Number         0  anon$$obj.o(Region$$Table)
    DioIrq                                   0x20000008   Data          24  sx1276.o(.data)
    BUTTON_PORT                              0x20000038   Data           4  b-l072z-lrwan1.o(.data)
    LED_PORT                                 0x2000003c   Data          16  b-l072z-lrwan1.o(.data)
    SystemCoreClock                          0x2000004c   Data           4  system_stm32l0xx.o(.data)
    uwTick                                   0x20000050   Data           4  stm32l0xx_hal.o(.data)
    iw                                       0x20000084   Data           2  vcom.o(.data)
    LoRaMacFlags                             0x200000d5   Data           1  loramac.o(.data)
    LoRaMacState                             0x200000f0   Data           4  loramac.o(.data)
    TxTimeOnAir                              0x200000f4   Data           4  loramac.o(.data)
    SX1276                                   0x20000268   Data         104  sx1276.o(.bss)
    TxTimeoutTimer                           0x200002d0   Data          20  sx1276.o(.bss)
    RxTimeoutTimer                           0x200002e4   Data          20  sx1276.o(.bss)
    RxTimeoutSyncWord                        0x200002f8   Data          20  sx1276.o(.bss)
    LoRaMacParams                            0x200009dc   Data          56  loramac.o(.bss)
    LoRaMacParamsDefaults                    0x20000a14   Data          56  loramac.o(.bss)
    __initial_sp                             0x200014e0   Data           0  startup_stm32l072xx.o(STACK)



==============================================================================

Memory Map of the image

  Image Entry point : 0x080000c1

  Load Region LR_IROM1 (Base: 0x08000000, Size: 0x0000a274, Max: 0x00030000, ABSOLUTE, COMPRESSED[0x0000a1a0])

    Execution Region ER_IROM1 (Exec base: 0x08000000, Load base: 0x08000000, Size: 0x0000a10c, Max: 0x00030000, ABSOLUTE)

    Exec Addr    Load Addr    Size         Type   Attr      Idx    E Section Name        Object

    0x08000000   0x08000000   0x000000c0   Data   RO         6035    RESET               startup_stm32l072xx.o
    0x080000c0   0x080000c0   0x00000000   Code   RO         9481  * .ARM.Collect$$$$00000000  mc_p.l(entry.o)
    0x080000c0   0x080000c0   0x00000004   Code   RO         9795    .ARM.Collect$$$$00000001  mc_p.l(entry2.o)
    0x080000c4   0x080000c4   0x00000004   Code   RO         9798    .ARM.Collect$$$$00000004  mc_p.l(entry5.o)
    0x080000c8   0x080000c8   0x00000000   Code   RO         9800    .ARM.Collect$$$$00000008  mc_p.l(entry7b.o)
    0x080000c8   0x080000c8   0x00000000   Code   RO         9802    .ARM.Collect$$$$0000000A  mc_p.l(entry8b.o)
    0x080000c8   0x080000c8   0x00000008   Code   RO         9803    .ARM.Collect$$$$0000000B  mc_p.l(entry9a.o)
    0x080000d0   0x080000d0   0x00000000   Code   RO         9805    .ARM.Collect$$$$0000000D  mc_p.l(entry10a.o)
    0x080000d0   0x080000d0   0x00000000   Code   RO         9807    .ARM.Collect$$$$0000000F  mc_p.l(entry11a.o)
    0x080000d0   0x080000d0   0x00000004   Code   RO         9796    .ARM.Collect$$$$00002712  mc_p.l(entry2.o)
    0x080000d4   0x080000d4   0x0000001c   Code   RO         6036    .text               startup_stm32l072xx.o
    0x080000f0   0x080000f0   0x0000002c   Code   RO         9484    .text               mc_p.l(uidiv.o)
    0x0800011c   0x0800011c   0x00000028   Code   RO         9486    .text               mc_p.l(idiv.o)
    0x08000144   0x08000144   0x00000060   Code   RO         9488    .text               mc_p.l(uldiv.o)
    0x080001a4   0x080001a4   0x00000024   Code   RO         9490    .text               mc_p.l(memcpya.o)
    0x080001c8   0x080001c8   0x00000024   Code   RO         9492    .text               mc_p.l(memseta.o)
    0x080001ec   0x080001ec   0x00000014   Code   RO         9757    .text               mc_p.l(uread4.o)
    0x08000200   0x08000200   0x000000b2   Code   RO         9759    .text               mf_p.l(fadd.o)
    0x080002b2   0x080002b2   0x00000002   PAD
    0x080002b4   0x080002b4   0x00000164   Code   RO         9765    .text               mf_p.l(dadd.o)
    0x08000418   0x08000418   0x000000d0   Code   RO         9767    .text               mf_p.l(dmul.o)
    0x080004e8   0x080004e8   0x000000f0   Code   RO         9769    .text               mf_p.l(ddiv.o)
    0x080005d8   0x080005d8   0x0000002c   Code   RO         9771    .text               mf_p.l(dscalb.o)
    0x08000604   0x08000604   0x0000000e   Code   RO         9775    .text               mf_p.l(ffltui.o)
    0x08000612   0x08000612   0x00000002   PAD
    0x08000614   0x08000614   0x00000028   Code   RO         9777    .text               mf_p.l(dflti.o)
    0x0800063c   0x0800063c   0x0000001c   Code   RO         9779    .text               mf_p.l(dfltui.o)
    0x08000658   0x08000658   0x00000048   Code   RO         9785    .text               mf_p.l(dfixi.o)
    0x080006a0   0x080006a0   0x0000003c   Code   RO         9787    .text               mf_p.l(dfixui.o)
    0x080006dc   0x080006dc   0x00000028   Code   RO         9789    .text               mf_p.l(f2d.o)
    0x08000704   0x08000704   0x00000028   Code   RO         9791    .text               mf_p.l(cdrcmple.o)
    0x0800072c   0x0800072c   0x00000020   Code   RO         9812    .text               mc_p.l(llshl.o)
    0x0800074c   0x0800074c   0x00000022   Code   RO         9814    .text               mc_p.l(llushr.o)
    0x0800076e   0x0800076e   0x00000026   Code   RO         9816    .text               mc_p.l(llsshr.o)
    0x08000794   0x08000794   0x00000000   Code   RO         9818    .text               mc_p.l(iusefp.o)
    0x08000794   0x08000794   0x00000082   Code   RO         9819    .text               mf_p.l(fepilogue.o)
    0x08000816   0x08000816   0x000000be   Code   RO         9821    .text               mf_p.l(depilogue.o)
    0x080008d4   0x080008d4   0x0000007c   Code   RO         9825    .text               mf_p.l(drnd.o)
    0x08000950   0x08000950   0x00000040   Code   RO         9827    .text               mf_p.l(dfixul.o)
    0x08000990   0x08000990   0x00000028   Code   RO         9829    .text               mf_p.l(cdcmple.o)
    0x080009b8   0x080009b8   0x00000024   Code   RO         9831    .text               mc_p.l(init.o)
    0x080009dc   0x080009dc   0x00000056   Code   RO         9843    .text               mc_p.l(__dczerorl2.o)
    0x08000a32   0x08000a32   0x00000002   PAD
    0x08000a34   0x08000a34   0x00000024   Code   RO         3505    i.ADC_DelayMicroSecond  stm32l0xx_hal_adc.o
    0x08000a58   0x08000a58   0x00000064   Code   RO         3507    i.ADC_Enable        stm32l0xx_hal_adc.o
    0x08000abc   0x08000abc   0x0000013c   Code   RO         9435    i.AES_CMAC_Final    cmac.o
    0x08000bf8   0x08000bf8   0x00000020   Code   RO         9436    i.AES_CMAC_Init     cmac.o
    0x08000c18   0x08000c18   0x00000010   Code   RO         9437    i.AES_CMAC_SetKey   cmac.o
    0x08000c28   0x08000c28   0x000000be   Code   RO         9438    i.AES_CMAC_Update   cmac.o
    0x08000ce6   0x08000ce6   0x00000002   PAD
    0x08000ce8   0x08000ce8   0x000000b8   Code   RO         6878    i.AddMacCommand     loramac.o
    0x08000da0   0x08000da0   0x00000064   Code   RO         2828    i.BSP_LED_Init      b-l072z-lrwan1.o
    0x08000e04   0x08000e04   0x00000020   Code   RO         2829    i.BSP_LED_Off       b-l072z-lrwan1.o
    0x08000e24   0x08000e24   0x00000020   Code   RO         2830    i.BSP_LED_On        b-l072z-lrwan1.o
    0x08000e44   0x08000e44   0x00000002   Code   RO         6042    i.BSP_sensor_Init   bsp.o
    0x08000e46   0x08000e46   0x00000002   PAD
    0x08000e48   0x08000e48   0x00000028   Code   RO         6043    i.BSP_sensor_Read   bsp.o
    0x08000e70   0x08000e70   0x00000094   Code   RO         8779    i.CountNbOfEnabledChannels  regionus915.o
    0x08000f04   0x08000f04   0x00000080   Code   RO         6074    i.DBG_Init          debug.o
    0x08000f84   0x08000f84   0x00000008   Code   RO         9131    i.DelayMs           delay.o
    0x08000f8c   0x08000f8c   0x00000010   Code   RO         6649    i.EXTI0_1_IRQHandler  mlm32l0xx_it.o
    0x08000f9c   0x08000f9c   0x00000010   Code   RO         6650    i.EXTI2_3_IRQHandler  mlm32l0xx_it.o
    0x08000fac   0x08000fac   0x0000005c   Code   RO         6651    i.EXTI4_15_IRQHandler  mlm32l0xx_it.o
    0x08001008   0x08001008   0x00000002   Code   RO         6075    i.Error_Handler     debug.o
    0x0800100a   0x0800100a   0x00000002   PAD
    0x0800100c   0x0800100c   0x00000024   Code   RO         8780    i.GetBandwidth      regionus915.o
    0x08001030   0x08001030   0x0000002c   Code   RO         1710    i.GetFskBandwidthRegValue  sx1276.o
    0x0800105c   0x0800105c   0x000000aa   Code   RO         5495    i.HAL_ADCEx_Calibration_Start  stm32l0xx_hal_adc_ex.o
    0x08001106   0x08001106   0x00000002   PAD
    0x08001108   0x08001108   0x00000094   Code   RO         3509    i.HAL_ADC_ConfigChannel  stm32l0xx_hal_adc.o
    0x0800119c   0x0800119c   0x00000006   Code   RO         3516    i.HAL_ADC_GetValue  stm32l0xx_hal_adc.o
    0x080011a2   0x080011a2   0x00000002   PAD
    0x080011a4   0x080011a4   0x000001c4   Code   RO         3518    i.HAL_ADC_Init      stm32l0xx_hal_adc.o
    0x08001368   0x08001368   0x00000002   Code   RO         3521    i.HAL_ADC_MspInit   stm32l0xx_hal_adc.o
    0x0800136a   0x0800136a   0x000000be   Code   RO         3522    i.HAL_ADC_PollForConversion  stm32l0xx_hal_adc.o
    0x08001428   0x08001428   0x0000005c   Code   RO         3524    i.HAL_ADC_Start     stm32l0xx_hal_adc.o
    0x08001484   0x08001484   0x00000010   Code   RO         3912    i.HAL_DBGMCU_EnableDBGSleepMode  stm32l0xx_hal.o
    0x08001494   0x08001494   0x00000010   Code   RO         3913    i.HAL_DBGMCU_EnableDBGStandbyMode  stm32l0xx_hal.o
    0x080014a4   0x080014a4   0x00000010   Code   RO         3914    i.HAL_DBGMCU_EnableDBGStopMode  stm32l0xx_hal.o
    0x080014b4   0x080014b4   0x00000008   Code   RO         6485    i.HAL_GPIO_EXTI_Callback  mlm32l0xx_hal_msp.o
    0x080014bc   0x080014bc   0x00000018   Code   RO         4176    i.HAL_GPIO_EXTI_IRQHandler  stm32l0xx_hal_gpio.o
    0x080014d4   0x080014d4   0x00000184   Code   RO         4177    i.HAL_GPIO_Init     stm32l0xx_hal_gpio.o
    0x08001658   0x08001658   0x0000000c   Code   RO         4181    i.HAL_GPIO_WritePin  stm32l0xx_hal_gpio.o
    0x08001664   0x08001664   0x0000000c   Code   RO         3920    i.HAL_GetTick       stm32l0xx_hal.o
    0x08001670   0x08001670   0x00000010   Code   RO         3921    i.HAL_IncTick       stm32l0xx_hal.o
    0x08001680   0x08001680   0x00000020   Code   RO         3922    i.HAL_Init          stm32l0xx_hal.o
    0x080016a0   0x080016a0   0x00000004   Code   RO         6486    i.HAL_InitTick      mlm32l0xx_hal_msp.o
    0x080016a4   0x080016a4   0x00000038   Code   RO         6487    i.HAL_MspInit       mlm32l0xx_hal_msp.o
    0x080016dc   0x080016dc   0x00000014   Code   RO         4075    i.HAL_NVIC_ClearPendingIRQ  stm32l0xx_hal_cortex.o
    0x080016f0   0x080016f0   0x00000014   Code   RO         4077    i.HAL_NVIC_EnableIRQ  stm32l0xx_hal_cortex.o
    0x08001704   0x08001704   0x00000014   Code   RO         4080    i.HAL_NVIC_SetPendingIRQ  stm32l0xx_hal_cortex.o
    0x08001718   0x08001718   0x00000008   Code   RO         4081    i.HAL_NVIC_SetPriority  stm32l0xx_hal_cortex.o
    0x08001720   0x08001720   0x00000010   Code   RO         4434    i.HAL_PWREx_EnableFastWakeUp  stm32l0xx_hal_pwr_ex.o
    0x08001730   0x08001730   0x00000010   Code   RO         4436    i.HAL_PWREx_EnableUltraLowPower  stm32l0xx_hal_pwr_ex.o
    0x08001740   0x08001740   0x00000010   Code   RO         4318    i.HAL_PWR_DisablePVD  stm32l0xx_hal_pwr.o
    0x08001750   0x08001750   0x000001c0   Code   RO         3794    i.HAL_RCCEx_GetPeriphCLKFreq  stm32l0xx_hal_rcc_ex.o
    0x08001910   0x08001910   0x0000018c   Code   RO         3797    i.HAL_RCCEx_PeriphCLKConfig  stm32l0xx_hal_rcc_ex.o
    0x08001a9c   0x08001a9c   0x00000168   Code   RO         3683    i.HAL_RCC_ClockConfig  stm32l0xx_hal_rcc.o
    0x08001c04   0x08001c04   0x00000020   Code   RO         3689    i.HAL_RCC_GetPCLK1Freq  stm32l0xx_hal_rcc.o
    0x08001c24   0x08001c24   0x00000020   Code   RO         3690    i.HAL_RCC_GetPCLK2Freq  stm32l0xx_hal_rcc.o
    0x08001c44   0x08001c44   0x00000078   Code   RO         3691    i.HAL_RCC_GetSysClockFreq  stm32l0xx_hal_rcc.o
    0x08001cbc   0x08001cbc   0x0000045c   Code   RO         3694    i.HAL_RCC_OscConfig  stm32l0xx_hal_rcc.o
    0x08002118   0x08002118   0x0000003c   Code   RO         4629    i.HAL_RTCEx_EnableBypassShadow  stm32l0xx_hal_rtc_ex.o
    0x08002154   0x08002154   0x00000008   Code   RO         6488    i.HAL_RTC_AlarmAEventCallback  mlm32l0xx_hal_msp.o
    0x0800215c   0x0800215c   0x000000b8   Code   RO         4490    i.HAL_RTC_DeactivateAlarm  stm32l0xx_hal_rtc.o
    0x08002214   0x08002214   0x00000044   Code   RO         4492    i.HAL_RTC_GetDate   stm32l0xx_hal_rtc.o
    0x08002258   0x08002258   0x0000005c   Code   RO         4494    i.HAL_RTC_GetTime   stm32l0xx_hal_rtc.o
    0x080022b4   0x080022b4   0x000000a4   Code   RO         4495    i.HAL_RTC_Init      stm32l0xx_hal_rtc.o
    0x08002358   0x08002358   0x0000005c   Code   RO         6490    i.HAL_RTC_MspInit   mlm32l0xx_hal_msp.o
    0x080023b4   0x080023b4   0x000001a0   Code   RO         4500    i.HAL_RTC_SetAlarm_IT  stm32l0xx_hal_rtc.o
    0x08002554   0x08002554   0x000000cc   Code   RO         4501    i.HAL_RTC_SetDate   stm32l0xx_hal_rtc.o
    0x08002620   0x08002620   0x000000f0   Code   RO         4502    i.HAL_RTC_SetTime   stm32l0xx_hal_rtc.o
    0x08002710   0x08002710   0x00000034   Code   RO         4503    i.HAL_RTC_WaitForSynchro  stm32l0xx_hal_rtc.o
    0x08002744   0x08002744   0x00000084   Code   RO         2932    i.HAL_SPI_Init      stm32l0xx_hal_spi.o
    0x080027c8   0x080027c8   0x00000002   Code   RO         2934    i.HAL_SPI_MspInit   stm32l0xx_hal_spi.o
    0x080027ca   0x080027ca   0x000002b8   Code   RO         2941    i.HAL_SPI_TransmitReceive  stm32l0xx_hal_spi.o
    0x08002a82   0x08002a82   0x0000006c   Code   RO         3185    i.HAL_UART_Init     stm32l0xx_hal_uart.o
    0x08002aee   0x08002aee   0x00000002   PAD
    0x08002af0   0x08002af0   0x00000018   Code   RO         6403    i.HAL_UART_MspInit  vcom.o
    0x08002b08   0x08002b08   0x000000c8   Code   RO         3193    i.HAL_UART_Transmit  stm32l0xx_hal_uart.o
    0x08002bd0   0x08002bd0   0x0000005c   Code   RO         6547    i.HW_AdcInit        mlm32l0xx_hw.o
    0x08002c2c   0x08002c2c   0x00000094   Code   RO         6548    i.HW_AdcReadChannel  mlm32l0xx_hw.o
    0x08002cc0   0x08002cc0   0x00000038   Code   RO         6100    i.HW_GPIO_GetBitPos  hw_gpio.o
    0x08002cf8   0x08002cf8   0x00000054   Code   RO         6101    i.HW_GPIO_Init      hw_gpio.o
    0x08002d4c   0x08002d4c   0x00000018   Code   RO         6102    i.HW_GPIO_IrqHandler  hw_gpio.o
    0x08002d64   0x08002d64   0x0000003c   Code   RO         6104    i.HW_GPIO_SetIrq    hw_gpio.o
    0x08002da0   0x08002da0   0x0000000a   Code   RO         6105    i.HW_GPIO_Write     hw_gpio.o
    0x08002daa   0x08002daa   0x00000002   PAD
    0x08002dac   0x08002dac   0x00000050   Code   RO         6550    i.HW_GetBatteryLevel  mlm32l0xx_hw.o
    0x08002dfc   0x08002dfc   0x00000014   Code   RO         6551    i.HW_GetRandomSeed  mlm32l0xx_hw.o
    0x08002e10   0x08002e10   0x00000058   Code   RO         6552    i.HW_GetTemperatureLevel  mlm32l0xx_hw.o
    0x08002e68   0x08002e68   0x00000044   Code   RO         6553    i.HW_GetUniqueId    mlm32l0xx_hw.o
    0x08002eac   0x08002eac   0x000000b0   Code   RO         6554    i.HW_GpioInit       mlm32l0xx_hw.o
    0x08002f5c   0x08002f5c   0x0000004c   Code   RO         6555    i.HW_Init           mlm32l0xx_hw.o
    0x08002fa8   0x08002fa8   0x00000026   Code   RO         6151    i.HW_RTC_DelayMs    hw_rtc.o
    0x08002fce   0x08002fce   0x00000002   PAD
    0x08002fd0   0x08002fd0   0x000000a4   Code   RO         6152    i.HW_RTC_GetCalendarValue  hw_rtc.o
    0x08003074   0x08003074   0x00000004   Code   RO         6153    i.HW_RTC_GetMinimumTimeout  hw_rtc.o
    0x08003078   0x08003078   0x0000000c   Code   RO         6154    i.HW_RTC_GetTimerContext  hw_rtc.o
    0x08003084   0x08003084   0x0000001c   Code   RO         6155    i.HW_RTC_GetTimerElapsedTime  hw_rtc.o
    0x080030a0   0x080030a0   0x00000010   Code   RO         6156    i.HW_RTC_GetTimerValue  hw_rtc.o
    0x080030b0   0x080030b0   0x0000002c   Code   RO         6157    i.HW_RTC_Init       hw_rtc.o
    0x080030dc   0x080030dc   0x00000040   Code   RO         6158    i.HW_RTC_IrqHandler  hw_rtc.o
    0x0800311c   0x0800311c   0x0000003c   Code   RO         6159    i.HW_RTC_SetAlarm   hw_rtc.o
    0x08003158   0x08003158   0x00000060   Code   RO         6160    i.HW_RTC_SetConfig  hw_rtc.o
    0x080031b8   0x080031b8   0x00000018   Code   RO         6161    i.HW_RTC_SetTimerContext  hw_rtc.o
    0x080031d0   0x080031d0   0x00000134   Code   RO         6162    i.HW_RTC_StartWakeUpAlarm  hw_rtc.o
    0x08003304   0x08003304   0x0000002c   Code   RO         6163    i.HW_RTC_StopAlarm  hw_rtc.o
    0x08003330   0x08003330   0x00000010   Code   RO         6164    i.HW_RTC_Tick2ms    hw_rtc.o
    0x08003340   0x08003340   0x00000010   Code   RO         6166    i.HW_RTC_ms2Tick    hw_rtc.o
    0x08003350   0x08003350   0x00000020   Code   RO         6274    i.HW_SPI_InOut      hw_spi.o
    0x08003370   0x08003370   0x00000084   Code   RO         6275    i.HW_SPI_Init       hw_spi.o
    0x080033f4   0x080033f4   0x00000060   Code   RO         6277    i.HW_SPI_IoInit     hw_spi.o
    0x08003454   0x08003454   0x00000004   Code   RO         6652    i.HardFault_Handler  mlm32l0xx_it.o
    0x08003458   0x08003458   0x00000044   Code   RO         6319    i.LORA_ConfirmClass  main.o
    0x0800349c   0x0800349c   0x0000001c   Code   RO         6320    i.LORA_HasJoined    main.o
    0x080034b8   0x080034b8   0x00000130   Code   RO         6749    i.LORA_Init         lora.o
    0x080035e8   0x080035e8   0x0000003c   Code   RO         6750    i.LORA_Join         lora.o
    0x08003624   0x08003624   0x00000018   Code   RO         6751    i.LORA_JoinStatus   lora.o
    0x0800363c   0x0800363c   0x0000006c   Code   RO         6752    i.LORA_RequestClass  lora.o
    0x080036a8   0x080036a8   0x00000088   Code   RO         6321    i.LORA_RxData       main.o
    0x08003730   0x08003730   0x00000018   Code   RO         6322    i.LORA_TxNeeded     main.o
    0x08003748   0x08003748   0x00000080   Code   RO         6753    i.LORA_send         lora.o
    0x080037c8   0x080037c8   0x00000028   Code   RO         9163    i.LPM_GetMode       low_power_manager.o
    0x080037f0   0x080037f0   0x00000028   Code   RO         9164    i.LPM_SetOffMode    low_power_manager.o
    0x08003818   0x08003818   0x00000028   Code   RO         9165    i.LPM_SetStopMode   low_power_manager.o
    0x08003840   0x08003840   0x00000032   Code   RO         8781    i.LimitTxPower      regionus915.o
    0x08003872   0x08003872   0x00000002   PAD
    0x08003874   0x08003874   0x0000007c   Code   RO         7120    i.LoRaMacComputeMic  loramaccrypto.o
    0x080038f0   0x080038f0   0x00000238   Code   RO         6881    i.LoRaMacInitialization  loramac.o
    0x08003b28   0x08003b28   0x00000048   Code   RO         7121    i.LoRaMacJoinComputeMic  loramaccrypto.o
    0x08003b70   0x08003b70   0x00000088   Code   RO         7122    i.LoRaMacJoinComputeSKeys  loramaccrypto.o
    0x08003bf8   0x08003bf8   0x00000040   Code   RO         7123    i.LoRaMacJoinDecrypt  loramaccrypto.o
    0x08003c38   0x08003c38   0x0000012c   Code   RO         6882    i.LoRaMacMcpsRequest  loramac.o
    0x08003d64   0x08003d64   0x000000fc   Code   RO         6883    i.LoRaMacMibGetRequestConfirm  loramac.o
    0x08003e60   0x08003e60   0x0000024c   Code   RO         6884    i.LoRaMacMibSetRequestConfirm  loramac.o
    0x080040ac   0x080040ac   0x000000fc   Code   RO         6885    i.LoRaMacMlmeRequest  loramac.o
    0x080041a8   0x080041a8   0x00000010   Code   RO         7124    i.LoRaMacPayloadDecrypt  loramaccrypto.o
    0x080041b8   0x080041b8   0x000000c0   Code   RO         7125    i.LoRaMacPayloadEncrypt  loramaccrypto.o
    0x08004278   0x08004278   0x000000b8   Code   RO         6888    i.LoRaMacQueryTxPossible  loramac.o
    0x08004330   0x08004330   0x00000030   Code   RO         6491    i.MSP_GetIRQn       mlm32l0xx_hal_msp.o
    0x08004360   0x08004360   0x00000002   Code   RO         6754    i.McpsConfirm       lora.o
    0x08004362   0x08004362   0x00000002   PAD
    0x08004364   0x08004364   0x00000058   Code   RO         6755    i.McpsIndication    lora.o
    0x080043bc   0x080043bc   0x00000040   Code   RO         6756    i.MlmeConfirm       lora.o
    0x080043fc   0x080043fc   0x00000014   Code   RO         6757    i.MlmeIndication    lora.o
    0x08004410   0x08004410   0x00000002   Code   RO         6654    i.NMI_Handler       mlm32l0xx_it.o
    0x08004412   0x08004412   0x00000002   PAD
    0x08004414   0x08004414   0x00000044   Code   RO         4087    i.NVIC_SetPriority  stm32l0xx_hal_cortex.o
    0x08004458   0x08004458   0x00000038   Code   RO         6893    i.OnAckTimeoutTimerEvent  loramac.o
    0x08004490   0x08004490   0x00000008   Code   RO         6824    i.OnCertifTxNextPacketTimerEvent  lora-test.o
    0x08004498   0x08004498   0x00000248   Code   RO         6894    i.OnMacStateCheckTimerEvent  loramac.o
    0x080046e0   0x080046e0   0x000004d8   Code   RO         6895    i.OnRadioRxDone     loramac.o
    0x08004bb8   0x08004bb8   0x00000080   Code   RO         6896    i.OnRadioRxError    loramac.o
    0x08004c38   0x08004c38   0x00000080   Code   RO         6897    i.OnRadioRxTimeout  loramac.o
    0x08004cb8   0x08004cb8   0x000000ec   Code   RO         6898    i.OnRadioTxDone     loramac.o
    0x08004da4   0x08004da4   0x0000003c   Code   RO         6899    i.OnRadioTxTimeout  loramac.o
    0x08004de0   0x08004de0   0x00000060   Code   RO         6900    i.OnRxWindow1TimerEvent  loramac.o
    0x08004e40   0x08004e40   0x00000060   Code   RO         6901    i.OnRxWindow2TimerEvent  loramac.o
    0x08004ea0   0x08004ea0   0x0000000a   Code   RO         6323    i.OnTimerLedEvent   main.o
    0x08004eaa   0x08004eaa   0x00000002   PAD
    0x08004eac   0x08004eac   0x00000024   Code   RO         6902    i.OnTxDelayedTimerEvent  loramac.o
    0x08004ed0   0x08004ed0   0x00000014   Code   RO         6324    i.OnTxTimerEvent    main.o
    0x08004ee4   0x08004ee4   0x00000014   Code   RO         6903    i.OpenContinuousRx2Window  loramac.o
    0x08004ef8   0x08004ef8   0x00000054   Code   RO         6904    i.ParseMacCommandsToRepeat  loramac.o
    0x08004f4c   0x08004f4c   0x00000002   Code   RO         6655    i.PendSV_Handler    mlm32l0xx_it.o
    0x08004f4e   0x08004f4e   0x00000002   PAD
    0x08004f50   0x08004f50   0x00000280   Code   RO         6905    i.PrepareFrame      loramac.o
    0x080051d0   0x080051d0   0x0000003c   Code   RO         6906    i.PrepareRxDoneAbort  loramac.o
    0x0800520c   0x0800520c   0x000002bc   Code   RO         6907    i.ProcessMacCommands  loramac.o
    0x080054c8   0x080054c8   0x00000070   Code   RO         3695    i.RCC_SetFlashLatencyFromMSIRange  stm32l0xx_hal_rcc.o
    0x08005538   0x08005538   0x00000010   Code   RO         4504    i.RTC_Bcd2ToByte    stm32l0xx_hal_rtc.o
    0x08005548   0x08005548   0x00000016   Code   RO         4505    i.RTC_ByteToBcd2    stm32l0xx_hal_rtc.o
    0x0800555e   0x0800555e   0x00000038   Code   RO         4506    i.RTC_EnterInitMode  stm32l0xx_hal_rtc.o
    0x08005596   0x08005596   0x00000008   Code   RO         6656    i.RTC_IRQHandler    mlm32l0xx_it.o
    0x0800559e   0x0800559e   0x0000001e   Code   RO         7179    i.RegionAdrNext     region.o
    0x080055bc   0x080055bc   0x00000012   Code   RO         7180    i.RegionAlternateDr  region.o
    0x080055ce   0x080055ce   0x0000000e   Code   RO         7181    i.RegionApplyCFList  region.o
    0x080055dc   0x080055dc   0x0000001a   Code   RO         7182    i.RegionApplyDrOffset  region.o
    0x080055f6   0x080055f6   0x0000000e   Code   RO         7183    i.RegionCalcBackOff  region.o
    0x08005604   0x08005604   0x00000012   Code   RO         7184    i.RegionChanMaskSet  region.o
    0x08005616   0x08005616   0x0000005c   Code   RO         7999    i.RegionCommonCalcBackOff  regioncommon.o
    0x08005672   0x08005672   0x00000026   Code   RO         8000    i.RegionCommonChanDisable  regioncommon.o
    0x08005698   0x08005698   0x0000001e   Code   RO         8001    i.RegionCommonChanMaskCopy  regioncommon.o
    0x080056b6   0x080056b6   0x00000060   Code   RO         8002    i.RegionCommonChanVerifyDr  regioncommon.o
    0x08005716   0x08005716   0x00000090   Code   RO         8003    i.RegionCommonComputeRxWindowParameters  regioncommon.o
    0x080057a6   0x080057a6   0x00000002   PAD
    0x080057a8   0x080057a8   0x0000002c   Code   RO         8005    i.RegionCommonComputeSymbolTimeLoRa  regioncommon.o
    0x080057d4   0x080057d4   0x00000028   Code   RO         8006    i.RegionCommonComputeTxPower  regioncommon.o
    0x080057fc   0x080057fc   0x00000044   Code   RO         8007    i.RegionCommonCountChannels  regioncommon.o
    0x08005840   0x08005840   0x00000028   Code   RO         8008    i.RegionCommonGetJoinDc  regioncommon.o
    0x08005868   0x08005868   0x00000098   Code   RO         8009    i.RegionCommonLinkAdrReqVerifyParams  regioncommon.o
    0x08005900   0x08005900   0x00000036   Code   RO         8010    i.RegionCommonParseLinkAdrReq  regioncommon.o
    0x08005936   0x08005936   0x0000000a   Code   RO         8011    i.RegionCommonSetBandTxDone  regioncommon.o
    0x08005940   0x08005940   0x000000be   Code   RO         8012    i.RegionCommonUpdateBandTimeOff  regioncommon.o
    0x080059fe   0x080059fe   0x00000010   Code   RO         8013    i.RegionCommonValueInRange  regioncommon.o
    0x08005a0e   0x08005a0e   0x0000001a   Code   RO         7187    i.RegionComputeRxWindowParameters  region.o
    0x08005a28   0x08005a28   0x00000012   Code   RO         7188    i.RegionDlChannelReq  region.o
    0x08005a3a   0x08005a3a   0x00000014   Code   RO         7189    i.RegionGetPhyParam  region.o
    0x08005a4e   0x08005a4e   0x0000000e   Code   RO         7190    i.RegionInitDefaults  region.o
    0x08005a5c   0x08005a5c   0x0000000c   Code   RO         7191    i.RegionIsActive    region.o
    0x08005a68   0x08005a68   0x00000022   Code   RO         7192    i.RegionLinkAdrReq  region.o
    0x08005a8a   0x08005a8a   0x00000012   Code   RO         7193    i.RegionNewChannelReq  region.o
    0x08005a9c   0x08005a9c   0x0000001e   Code   RO         7194    i.RegionNextChannel  region.o
    0x08005aba   0x08005aba   0x00000016   Code   RO         7195    i.RegionRxConfig    region.o
    0x08005ad0   0x08005ad0   0x00000012   Code   RO         7196    i.RegionRxParamSetupReq  region.o
    0x08005ae2   0x08005ae2   0x0000000e   Code   RO         7197    i.RegionSetBandTxDone  region.o
    0x08005af0   0x08005af0   0x0000000e   Code   RO         7198    i.RegionSetContinuousWave  region.o
    0x08005afe   0x08005afe   0x0000001a   Code   RO         7199    i.RegionTxConfig    region.o
    0x08005b18   0x08005b18   0x00000012   Code   RO         7200    i.RegionTxParamSetupReq  region.o
    0x08005b2a   0x08005b2a   0x00000002   PAD
    0x08005b2c   0x08005b2c   0x00000084   Code   RO         8782    i.RegionUS915AdrNext  regionus915.o
    0x08005bb0   0x08005bb0   0x00000020   Code   RO         8783    i.RegionUS915AlternateDr  regionus915.o
    0x08005bd0   0x08005bd0   0x00000002   Code   RO         8784    i.RegionUS915ApplyCFList  regionus915.o
    0x08005bd2   0x08005bd2   0x00000002   PAD
    0x08005bd4   0x08005bd4   0x00000018   Code   RO         8785    i.RegionUS915ApplyDrOffset  regionus915.o
    0x08005bec   0x08005bec   0x00000038   Code   RO         8786    i.RegionUS915CalcBackOff  regionus915.o
    0x08005c24   0x08005c24   0x0000005c   Code   RO         8787    i.RegionUS915ChanMaskSet  regionus915.o
    0x08005c80   0x08005c80   0x00000058   Code   RO         8790    i.RegionUS915ComputeRxWindowParameters  regionus915.o
    0x08005cd8   0x08005cd8   0x00000004   Code   RO         8791    i.RegionUS915DlChannelReq  regionus915.o
    0x08005cdc   0x08005cdc   0x000000c0   Code   RO         8792    i.RegionUS915GetPhyParam  regionus915.o
    0x08005d9c   0x08005d9c   0x000000c8   Code   RO         8793    i.RegionUS915InitDefaults  regionus915.o
    0x08005e64   0x08005e64   0x00000158   Code   RO         8794    i.RegionUS915LinkAdrReq  regionus915.o
    0x08005fbc   0x08005fbc   0x00000004   Code   RO         8795    i.RegionUS915NewChannelReq  regionus915.o
    0x08005fc0   0x08005fc0   0x000000d4   Code   RO         8796    i.RegionUS915NextChannel  regionus915.o
    0x08006094   0x08006094   0x000000a0   Code   RO         8797    i.RegionUS915RxConfig  regionus915.o
    0x08006134   0x08006134   0x00000088   Code   RO         8798    i.RegionUS915RxParamSetupReq  regionus915.o
    0x080061bc   0x080061bc   0x00000028   Code   RO         8799    i.RegionUS915SetBandTxDone  regionus915.o
    0x080061e4   0x080061e4   0x0000005c   Code   RO         8800    i.RegionUS915SetContinuousWave  regionus915.o
    0x08006240   0x08006240   0x000000b8   Code   RO         8801    i.RegionUS915TxConfig  regionus915.o
    0x080062f8   0x080062f8   0x00000006   Code   RO         8802    i.RegionUS915TxParamSetupReq  regionus915.o
    0x080062fe   0x080062fe   0x00000046   Code   RO         8803    i.RegionUS915Verify  regionus915.o
    0x08006344   0x08006344   0x00000016   Code   RO         7201    i.RegionVerify      region.o
    0x0800635a   0x0800635a   0x00000002   PAD
    0x0800635c   0x0800635c   0x00000088   Code   RO         6908    i.ResetMacParameters  loramac.o
    0x080063e4   0x080063e4   0x00000094   Code   RO         1711    i.RxChainCalibration  sx1276.o
    0x08006478   0x08006478   0x00000018   Code   RO         6909    i.RxWindowSetup     loramac.o
    0x08006490   0x08006490   0x000000b2   Code   RO         2962    i.SPI_WaitOnFlagUntilTimeout  stm32l0xx_hal_spi.o
    0x08006542   0x08006542   0x00000002   Code   RO         6657    i.SVC_Handler       mlm32l0xx_it.o
    0x08006544   0x08006544   0x0000000c   Code   RO         1712    i.SX1276BoardInit   sx1276.o
    0x08006550   0x08006550   0x00000004   Code   RO         2739    i.SX1276CheckRfFrequency  mlm32l07x01.o
    0x08006554   0x08006554   0x0000000c   Code   RO         2740    i.SX1276GetPaSelect  mlm32l07x01.o
    0x08006560   0x08006560   0x0000000c   Code   RO         1713    i.SX1276GetStatus   sx1276.o
    0x0800656c   0x0800656c   0x000001e4   Code   RO         1714    i.SX1276GetTimeOnAir  sx1276.o
    0x08006750   0x08006750   0x00000004   Code   RO         2741    i.SX1276GetWakeTime  mlm32l07x01.o
    0x08006754   0x08006754   0x00000014   Code   RO         1715    i.SX1276GetWakeupTime  sx1276.o
    0x08006768   0x08006768   0x0000008c   Code   RO         1716    i.SX1276Init        sx1276.o
    0x080067f4   0x080067f4   0x00000050   Code   RO         2742    i.SX1276IoDeInit    mlm32l07x01.o
    0x08006844   0x08006844   0x00000070   Code   RO         2743    i.SX1276IoInit      mlm32l07x01.o
    0x080068b4   0x080068b4   0x00000044   Code   RO         2744    i.SX1276IoIrqInit   mlm32l07x01.o
    0x080068f8   0x080068f8   0x0000004e   Code   RO         1717    i.SX1276IsChannelFree  sx1276.o
    0x08006946   0x08006946   0x00000002   PAD
    0x08006948   0x08006948   0x0000027c   Code   RO         1718    i.SX1276OnDio0Irq   sx1276.o
    0x08006bc4   0x08006bc4   0x000000d8   Code   RO         1719    i.SX1276OnDio1Irq   sx1276.o
    0x08006c9c   0x08006c9c   0x000000b4   Code   RO         1720    i.SX1276OnDio2Irq   sx1276.o
    0x08006d50   0x08006d50   0x00000054   Code   RO         1721    i.SX1276OnDio3Irq   sx1276.o
    0x08006da4   0x08006da4   0x0000001c   Code   RO         1722    i.SX1276OnDio4Irq   sx1276.o
    0x08006dc0   0x08006dc0   0x000000c8   Code   RO         1724    i.SX1276OnTimeoutIrq  sx1276.o
    0x08006e88   0x08006e88   0x0000003e   Code   RO         1725    i.SX1276Random      sx1276.o
    0x08006ec6   0x08006ec6   0x00000010   Code   RO         1726    i.SX1276Read        sx1276.o
    0x08006ed6   0x08006ed6   0x00000042   Code   RO         1727    i.SX1276ReadBuffer  sx1276.o
    0x08006f18   0x08006f18   0x0000000e   Code   RO         1728    i.SX1276ReadFifo    sx1276.o
    0x08006f26   0x08006f26   0x00000002   PAD
    0x08006f28   0x08006f28   0x00000044   Code   RO         1729    i.SX1276ReadRssi    sx1276.o
    0x08006f6c   0x08006f6c   0x00000050   Code   RO         1730    i.SX1276Reset       sx1276.o
    0x08006fbc   0x08006fbc   0x000000f0   Code   RO         1731    i.SX1276Send        sx1276.o
    0x080070ac   0x080070ac   0x00000044   Code   RO         2745    i.SX1276SetAntSw    mlm32l07x01.o
    0x080070f0   0x080070f0   0x00000074   Code   RO         2746    i.SX1276SetAntSwLowPower  mlm32l07x01.o
    0x08007164   0x08007164   0x00000050   Code   RO         1732    i.SX1276SetChannel  sx1276.o
    0x080071b4   0x080071b4   0x00000030   Code   RO         1733    i.SX1276SetMaxPayloadLength  sx1276.o
    0x080071e4   0x080071e4   0x00000070   Code   RO         1734    i.SX1276SetModem    sx1276.o
    0x08007254   0x08007254   0x0000005c   Code   RO         1735    i.SX1276SetOpMode   sx1276.o
    0x080072b0   0x080072b0   0x00000024   Code   RO         1736    i.SX1276SetPublicNetwork  sx1276.o
    0x080072d4   0x080072d4   0x00000098   Code   RO         2747    i.SX1276SetRfTxPower  mlm32l07x01.o
    0x0800736c   0x0800736c   0x000001fc   Code   RO         1737    i.SX1276SetRx       sx1276.o
    0x08007568   0x08007568   0x00000288   Code   RO         1738    i.SX1276SetRxConfig  sx1276.o
    0x080077f0   0x080077f0   0x00000024   Code   RO         1739    i.SX1276SetSleep    sx1276.o
    0x08007814   0x08007814   0x00000024   Code   RO         1740    i.SX1276SetStby     sx1276.o
    0x08007838   0x08007838   0x000000a4   Code   RO         1741    i.SX1276SetTx       sx1276.o
    0x080078dc   0x080078dc   0x000001fc   Code   RO         1742    i.SX1276SetTxConfig  sx1276.o
    0x08007ad8   0x08007ad8   0x0000007c   Code   RO         1743    i.SX1276SetTxContinuousWave  sx1276.o
    0x08007b54   0x08007b54   0x00000028   Code   RO         2748    i.SX1276SetXO       mlm32l07x01.o
    0x08007b7c   0x08007b7c   0x00000038   Code   RO         1744    i.SX1276StartCad    sx1276.o
    0x08007bb4   0x08007bb4   0x0000000c   Code   RO         1745    i.SX1276Write       sx1276.o
    0x08007bc0   0x08007bc0   0x00000042   Code   RO         1746    i.SX1276WriteBuffer  sx1276.o
    0x08007c02   0x08007c02   0x0000000e   Code   RO         1747    i.SX1276WriteFifo   sx1276.o
    0x08007c10   0x08007c10   0x00000134   Code   RO         6910    i.ScheduleTx        loramac.o
    0x08007d44   0x08007d44   0x00000098   Code   RO         6325    i.Send              main.o
    0x08007ddc   0x08007ddc   0x00000040   Code   RO         6911    i.Send              loramac.o
    0x08007e1c   0x08007e1c   0x00000090   Code   RO         6912    i.SendFrameOnChannel  loramac.o
    0x08007eac   0x08007eac   0x00000018   Code   RO         6913    i.SetMlmeScheduleUplinkIndication  loramac.o
    0x08007ec4   0x08007ec4   0x00000054   Code   RO         6914    i.SetTxContinuousWave  loramac.o
    0x08007f18   0x08007f18   0x0000003c   Code   RO         6915    i.SetTxContinuousWave1  loramac.o
    0x08007f54   0x08007f54   0x00000008   Code   RO         6658    i.SysTick_Handler   mlm32l0xx_it.o
    0x08007f5c   0x08007f5c   0x0000008c   Code   RO         6559    i.SystemClock_Config  mlm32l0xx_hw.o
    0x08007fe8   0x08007fe8   0x00000054   Code   RO         2891    i.SystemInit        system_stm32l0xx.o
    0x0800803c   0x0800803c   0x0000000c   Code   RO         9232    i.TimerGetCurrentTime  timeserver.o
    0x08008048   0x08008048   0x00000018   Code   RO         9233    i.TimerGetElapsedTime  timeserver.o
    0x08008060   0x08008060   0x0000000e   Code   RO         9234    i.TimerInit         timeserver.o
    0x0800806e   0x0800806e   0x00000002   PAD
    0x08008070   0x08008070   0x0000001c   Code   RO         9235    i.TimerInsertNewHeadTimer  timeserver.o
    0x0800808c   0x0800808c   0x00000078   Code   RO         9236    i.TimerIrqHandler   timeserver.o
    0x08008104   0x08008104   0x0000002c   Code   RO         9238    i.TimerSetTimeout   timeserver.o
    0x08008130   0x08008130   0x00000022   Code   RO         9239    i.TimerSetValue     timeserver.o
    0x08008152   0x08008152   0x00000002   PAD
    0x08008154   0x08008154   0x00000070   Code   RO         9240    i.TimerStart        timeserver.o
    0x080081c4   0x080081c4   0x00000060   Code   RO         9241    i.TimerStop         timeserver.o
    0x08008224   0x08008224   0x000000ca   Code   RO         3198    i.UART_AdvFeatureConfig  stm32l0xx_hal_uart.o
    0x080082ee   0x080082ee   0x00000002   PAD
    0x080082f0   0x080082f0   0x00000060   Code   RO         3199    i.UART_CheckIdleState  stm32l0xx_hal_uart.o
    0x08008350   0x08008350   0x00000230   Code   RO         3213    i.UART_SetConfig    stm32l0xx_hal_uart.o
    0x08008580   0x08008580   0x00000062   Code   RO         3215    i.UART_WaitOnFlagUntilTimeout  stm32l0xx_hal_uart.o
    0x080085e2   0x080085e2   0x00000008   Code   RO         6659    i.USART2_IRQHandler  mlm32l0xx_it.o
    0x080085ea   0x080085ea   0x00000002   PAD
    0x080085ec   0x080085ec   0x00000048   Code   RO         6916    i.ValidatePayloadLength  loramac.o
    0x08008634   0x08008634   0x00000024   Code   RO         9735    i.__0vsprintf       mc_p.l(printfa.o)
    0x08008658   0x08008658   0x0000002e   Code   RO         9823    i.__ARM_clz         mf_p.l(depilogue.o)
    0x08008686   0x08008686   0x00000030   Code   RO         6259    i.__ARM_common_ll_muluu  hw_rtc.o
    0x080086b6   0x080086b6   0x0000001a   Code   RO          434    i.__ARM_common_switch8  hts221_driver_hl.o
    0x080086d0   0x080086d0   0x0000000e   Code   RO         9837    i.__scatterload_copy  mc_p.l(handlers.o)
    0x080086de   0x080086de   0x00000002   Code   RO         9838    i.__scatterload_null  mc_p.l(handlers.o)
    0x080086e0   0x080086e0   0x0000000e   Code   RO         9839    i.__scatterload_zeroinit  mc_p.l(handlers.o)
    0x080086ee   0x080086ee   0x00000002   PAD
    0x080086f0   0x080086f0   0x00000174   Code   RO         9736    i._fp_digits        mc_p.l(printfa.o)
    0x08008864   0x08008864   0x000006ec   Code   RO         9737    i._printf_core      mc_p.l(printfa.o)
    0x08008f50   0x08008f50   0x00000020   Code   RO         9738    i._printf_post_padding  mc_p.l(printfa.o)
    0x08008f70   0x08008f70   0x0000002c   Code   RO         9739    i._printf_pre_padding  mc_p.l(printfa.o)
    0x08008f9c   0x08008f9c   0x0000000a   Code   RO         9741    i._sputc            mc_p.l(printfa.o)
    0x08008fa6   0x08008fa6   0x00000054   Code   RO         9383    i.aes_encrypt       aes.o
    0x08008ffa   0x08008ffa   0x00000002   PAD
    0x08008ffc   0x08008ffc   0x000000fc   Code   RO         9384    i.aes_set_key       aes.o
    0x080090f8   0x080090f8   0x000000c8   Code   RO         9472    i.ceil              m_ps.l(ceil.o)
    0x080091c0   0x080091c0   0x00000010   Code   RO         6825    i.certif_DownLinkIncrement  lora-test.o
    0x080091d0   0x080091d0   0x00000014   Code   RO         6826    i.certif_linkCheck  lora-test.o
    0x080091e4   0x080091e4   0x0000000c   Code   RO         6827    i.certif_running    lora-test.o
    0x080091f0   0x080091f0   0x00000188   Code   RO         6828    i.certif_rx         lora-test.o
    0x08009378   0x08009378   0x000000a4   Code   RO         6829    i.certif_tx         lora-test.o
    0x0800941c   0x0800941c   0x00000084   Code   RO         9385    i.copy_and_key      aes.o
    0x080094a0   0x080094a0   0x00000042   Code   RO         9386    i.copy_block        aes.o
    0x080094e2   0x080094e2   0x00000002   PAD
    0x080094e4   0x080094e4   0x000000c8   Code   RO         9476    i.floor             m_ps.l(floor.o)
    0x080095ac   0x080095ac   0x0000006c   Code   RO         6326    i.main              main.o
    0x08009618   0x08009618   0x00000016   Code   RO         9320    i.memcpy1           utilities.o
    0x0800962e   0x0800962e   0x0000001a   Code   RO         9321    i.memcpyr           utilities.o
    0x08009648   0x08009648   0x00000012   Code   RO         9322    i.memset1           utilities.o
    0x0800965a   0x0800965a   0x00000002   PAD
    0x0800965c   0x0800965c   0x00000218   Code   RO         9387    i.mix_sub_columns   aes.o
    0x08009874   0x08009874   0x0000002c   Code   RO         9323    i.rand1             utilities.o
    0x080098a0   0x080098a0   0x00000016   Code   RO         9324    i.randr             utilities.o
    0x080098b6   0x080098b6   0x00000002   PAD
    0x080098b8   0x080098b8   0x0000009c   Code   RO         9479    i.round             m_ps.l(round.o)
    0x08009954   0x08009954   0x00000068   Code   RO         9388    i.shift_sub_rows    aes.o
    0x080099bc   0x080099bc   0x0000000c   Code   RO         9325    i.srand1            utilities.o
    0x080099c8   0x080099c8   0x00000044   Code   RO         6405    i.vcom_Init         vcom.o
    0x08009a0c   0x08009a0c   0x0000005c   Code   RO         6407    i.vcom_IoInit       vcom.o
    0x08009a68   0x08009a68   0x00000054   Code   RO         6408    i.vcom_Print        vcom.o
    0x08009abc   0x08009abc   0x0000007c   Code   RO         6409    i.vcom_Send         vcom.o
    0x08009b38   0x08009b38   0x00000082   Code   RO         9389    i.xor_block         aes.o
    0x08009bba   0x08009bba   0x00000002   PAD
    0x08009bbc   0x08009bbc   0x000000e0   Data   RO         1749    .constdata          sx1276.o
    0x08009c9c   0x08009c9c   0x00000074   Data   RO         2749    .constdata          mlm32l07x01.o
    0x08009d10   0x08009d10   0x0000000c   Data   RO         2834    .constdata          b-l072z-lrwan1.o
    0x08009d1c   0x08009d1c   0x00000019   Data   RO         2892    .constdata          system_stm32l0xx.o
    0x08009d35   0x08009d35   0x00000008   Data   RO         2893    .constdata          system_stm32l0xx.o
    0x08009d3d   0x08009d3d   0x00000018   Data   RO         6169    .constdata          hw_rtc.o
    0x08009d55   0x08009d55   0x00000010   Data   RO         6918    .constdata          loramac.o
    0x08009d65   0x08009d65   0x00000003   PAD
    0x08009d68   0x08009d68   0x00000084   Data   RO         8805    .constdata          regionus915.o
    0x08009dec   0x08009dec   0x00000300   Data   RO         9390    .constdata          aes.o
    0x0800a0ec   0x0800a0ec   0x00000020   Data   RO         9835    Region$$Table       anon$$obj.o


    Execution Region RW_IRAM1 (Exec base: 0x20000000, Load base: 0x0800a10c, Size: 0x000014e0, Max: 0x00005000, ABSOLUTE, COMPRESSED[0x00000094])

    Exec Addr    Load Addr    Size         Type   Attr      Idx    E Section Name        Object

    0x20000000   COMPRESSED   0x00000020   Data   RW         1750    .data               sx1276.o
    0x20000020   COMPRESSED   0x00000018   Data   RW         2750    .data               mlm32l07x01.o
    0x20000038   COMPRESSED   0x00000014   Data   RW         2835    .data               b-l072z-lrwan1.o
    0x2000004c   COMPRESSED   0x00000004   Data   RW         2894    .data               system_stm32l0xx.o
    0x20000050   COMPRESSED   0x00000004   Data   RW         3932    .data               stm32l0xx_hal.o
    0x20000054   COMPRESSED   0x00000004   Data   RW         6170    .data               hw_rtc.o
    0x20000058   COMPRESSED   0x0000002c   Data   RW         6329    .data               main.o
    0x20000084   COMPRESSED   0x00000004   Data   RW         6412    .data               vcom.o
    0x20000088   COMPRESSED   0x00000002   Data   RW         6561    .data               mlm32l0xx_hw.o
    0x2000008a   COMPRESSED   0x00000002   PAD
    0x2000008c   COMPRESSED   0x0000002c   Data   RW         6759    .data               lora.o
    0x200000b8   COMPRESSED   0x00000002   Data   RW         6831    .data               lora-test.o
    0x200000ba   COMPRESSED   0x00000002   PAD
    0x200000bc   COMPRESSED   0x00000068   Data   RW         6919    .data               loramac.o
    0x20000124   COMPRESSED   0x00000020   Data   RW         7127    .data               loramaccrypto.o
    0x20000144   COMPRESSED   0x00000014   Data   RW         8806    .data               regionus915.o
    0x20000158   COMPRESSED   0x00000008   Data   RW         9166    .data               low_power_manager.o
    0x20000160   COMPRESSED   0x00000004   Data   RW         9242    .data               timeserver.o
    0x20000164   COMPRESSED   0x00000004   Data   RW         9326    .data               utilities.o
    0x20000168        -       0x000001a4   Zero   RW         1748    .bss                sx1276.o
    0x2000030c        -       0x00000040   Zero   RW         6106    .bss                hw_gpio.o
    0x2000034c        -       0x00000068   Zero   RW         6168    .bss                hw_rtc.o
    0x200003b4        -       0x00000058   Zero   RW         6278    .bss                hw_spi.o
    0x2000040c        -       0x0000002a   Zero   RW         6327    .bss                main.o
    0x20000436   COMPRESSED   0x00000002   PAD
    0x20000438        -       0x00000028   Zero   RW         6328    .bss                main.o
    0x20000460        -       0x00000170   Zero   RW         6411    .bss                vcom.o
    0x200005d0        -       0x00000060   Zero   RW         6560    .bss                mlm32l0xx_hw.o
    0x20000630        -       0x0000002c   Zero   RW         6758    .bss                lora.o
    0x2000065c        -       0x0000005e   Zero   RW         6830    .bss                lora-test.o
    0x200006ba   COMPRESSED   0x00000002   PAD
    0x200006bc        -       0x00000470   Zero   RW         6917    .bss                loramac.o
    0x20000b2c        -       0x0000022c   Zero   RW         7126    .bss                loramaccrypto.o
    0x20000d58        -       0x00000384   Zero   RW         8804    .bss                regionus915.o
    0x200010dc   COMPRESSED   0x00000004   PAD
    0x200010e0        -       0x00000400   Zero   RW         6033    STACK               startup_stm32l072xx.o


==============================================================================

Image component sizes


      Code (inc. data)   RO Data    RW Data    ZI Data      Debug   Object Name

      1304         12        768          0          0      14356   aes.o
       164         32         12         20          0       3412   b-l072z-lrwan1.o
        42         22          0          0          0       2052   bsp.o
       554          0          0          0          0       4437   cmac.o
       130          8          0          0          0       1359   debug.o
         8          0          0          0          0       1106   delay.o
         0          0          0          0          0       4524   hts221_driver.o
        26          0          0          0          0         72   hts221_driver_hl.o
       234         26          0          0         64       3785   hw_gpio.o
       982        108         24          4        104      12053   hw_rtc.o
       260         28          0          0         88       2525   hw_spi.o
       612         52          0          2         94       5739   lora-test.o
       798        142          0         44         44       7558   lora.o
      7408        532         16        104       1136      46695   loramac.o
       604         42          0         32        556       7679   loramaccrypto.o
       120         16          0          8          0       2929   low_power_manager.o
       546        136          0         44         82      19983   main.o
       656         54        116         24          0      13257   mlm32l07x01.o
       216         16          0          0          0       3800   mlm32l0xx_hal_msp.o
       888        134          0          2         96       6868   mlm32l0xx_hw.o
       158          0          0          0          0       4816   mlm32l0xx_it.o
       426          0          0          0          0      24541   region.o
         0          0          0          0          0       1296   regionas923.o
      1014         18          0          0          0      14051   regioncommon.o
      2304        278        132         20        900      23512   regionus915.o
        28          8        192          0       1024        636   startup_stm32l072xx.o
       108         30          0          4          0       4605   stm32l0xx_hal.o
      1026         36          0          0          0       7112   stm32l0xx_hal_adc.o
       170          0          0          0          0       1606   stm32l0xx_hal_adc_ex.o
       136         26          0          0          0      11616   stm32l0xx_hal_cortex.o
       424         38          0          0          0       3255   stm32l0xx_hal_gpio.o
        16          4          0          0          0        569   stm32l0xx_hal_pwr.o
        32          8          0          0          0       1185   stm32l0xx_hal_pwr_ex.o
      1772        114          0          0          0       7124   stm32l0xx_hal_rcc.o
       844         56          0          0          0       3541   stm32l0xx_hal_rcc_ex.o
      1514         26          0          0          0      10192   stm32l0xx_hal_rtc.o
        60          0          0          0          0       1259   stm32l0xx_hal_rtc_ex.o
      1008          0          0          0          0       4555   stm32l0xx_hal_spi.o
      1264         80          0          0          0       6965   stm32l0xx_hal_uart.o
      5368        356        224         32        420     436367   sx1276.o
        84         18         33          4          0       1659   system_stm32l0xx.o
       484         16          0          4          0       8115   timeserver.o
       144         24          0          4          0       4691   utilities.o
       392         42          0          4        368       6179   vcom.o

    ----------------------------------------------------------------------
     34384       2538       1552        360       4984     753636   Object Totals
         0          0         32          0          0          0   (incl. Generated)
        56          0          3          4          8          0   (incl. Padding)

    ----------------------------------------------------------------------

      Code (inc. data)   RO Data    RW Data    ZI Data      Debug   Library Member Name

       200         20          0          0          0         76   ceil.o
       200         20          0          0          0         76   floor.o
       156         14          0          0          0         84   round.o
        86          0          0          0          0          0   __dczerorl2.o
         0          0          0          0          0          0   entry.o
         0          0          0          0          0          0   entry10a.o
         0          0          0          0          0          0   entry11a.o
         8          4          0          0          0          0   entry2.o
         4          0          0          0          0          0   entry5.o
         0          0          0          0          0          0   entry7b.o
         0          0          0          0          0          0   entry8b.o
         8          4          0          0          0          0   entry9a.o
        30          0          0          0          0          0   handlers.o
        40          0          0          0          0         72   idiv.o
        36          8          0          0          0         68   init.o
         0          0          0          0          0          0   iusefp.o
        32          0          0          0          0         68   llshl.o
        38          0          0          0          0         68   llsshr.o
        34          0          0          0          0         68   llushr.o
        36          0          0          0          0         60   memcpya.o
        36          0          0          0          0        100   memseta.o
      2266         96          0          0          0        460   printfa.o
        44          0          0          0          0         72   uidiv.o
        96          0          0          0          0         84   uldiv.o
        20          0          0          0          0         60   uread4.o
        40          2          0          0          0         68   cdcmple.o
        40          2          0          0          0         68   cdrcmple.o
       356          4          0          0          0        140   dadd.o
       240          6          0          0          0         84   ddiv.o
       236          0          0          0          0        216   depilogue.o
        72         10          0          0          0         72   dfixi.o
        60         10          0          0          0         68   dfixui.o
        64         10          0          0          0         68   dfixul.o
        40          6          0          0          0         68   dflti.o
        28          4          0          0          0         68   dfltui.o
       208          6          0          0          0         88   dmul.o
       124         10          0          0          0         76   drnd.o
        44          0          0          0          0         72   dscalb.o
        40          0          0          0          0         60   f2d.o
       178          0          0          0          0        108   fadd.o
       130          0          0          0          0        144   fepilogue.o
        14          0          0          0          0         68   ffltui.o

    ----------------------------------------------------------------------
      5292        236          0          0          0       2952   Library Totals
         8          0          0          0          0          0   (incl. Padding)

    ----------------------------------------------------------------------

      Code (inc. data)   RO Data    RW Data    ZI Data      Debug   Library Name

       556         54          0          0          0        236   m_ps.l
      2814        112          0          0          0       1180   mc_p.l
      1914         70          0          0          0       1536   mf_p.l

    ----------------------------------------------------------------------
      5292        236          0          0          0       2952   Library Totals

    ----------------------------------------------------------------------

==============================================================================


      Code (inc. data)   RO Data    RW Data    ZI Data      Debug   

     39676       2774       1552        360       4984     741572   Grand Totals
     39676       2774       1552        148       4984     741572   ELF Image Totals (compressed)
     39676       2774       1552        148          0          0   ROM Totals

==============================================================================

    Total RO  Size (Code + RO Data)                41228 (  40.26kB)
    Total RW  Size (RW Data + ZI Data)              5344 (   5.22kB)
    Total ROM Size (Code + RO Data + RW Data)      41376 (  40.41kB)

==============================================================================

